2026-09-04 11:24:46.497 [info] Reading sessions from keychain...
2026-09-04 11:24:46.497 [info] Getting sessions for all scopes...
2026-09-04 11:24:46.498 [info] Got 0 sessions for all scopes...
2026-09-04 11:24:46.498 [info] Getting sessions for all scopes...
2026-09-04 11:24:46.498 [info] Got 0 sessions for all scopes...
2026-09-04 11:24:46.498 [info] Getting sessions for all scopes...
2026-09-04 11:24:46.498 [info] Got 0 sessions for all scopes...
2026-09-04 11:24:46.498 [info] Getting sessions for all scopes...
2026-09-04 11:24:46.498 [info] Got 0 sessions for all scopes...
2026-09-04 11:24:46.498 [info] Getting sessions for all scopes...
2026-09-04 11:24:46.498 [info] Got 0 sessions for all scopes...
2026-09-04 11:24:46.722 [info] Getting sessions for read:user,user:email...
2026-09-04 11:24:46.722 [info] Got 0 sessions for read:user,user:email...
2026-09-04 11:24:46.740 [info] Getting sessions for all scopes...
2026-09-04 11:24:46.740 [info] Got 0 sessions for all scopes...
2026-09-04 11:24:46.751 [info] Getting sessions for repo...
2026-09-04 11:24:46.752 [info] Got 0 sessions for repo...
2026-09-04 11:24:46.753 [info] Getting sessions for all scopes...
2026-09-04 11:24:46.753 [info] Got 0 sessions for all scopes...
2026-09-04 11:24:46.774 [info] Getting sessions for read:user,user:email...
2026-09-04 11:24:46.774 [info] Got 0 sessions for read:user,user:email...
2026-09-04 11:24:46.775 [info] Getting sessions for read:user,user:email...
2026-09-04 11:24:46.775 [info] Got 0 sessions for read:user,user:email...
2026-09-04 11:24:46.777 [info] Getting sessions for read:user,user:email...
2026-09-04 11:24:46.777 [info] Got 0 sessions for read:user,user:email...
2026-09-04 11:24:46.778 [info] Getting sessions for read:user,user:email...
2026-09-04 11:24:46.778 [info] Got 0 sessions for read:user,user:email...
2026-09-04 11:24:46.780 [info] Getting sessions for read:user,user:email...
2026-09-04 11:24:46.780 [info] Got 0 sessions for read:user,user:email...
2026-09-04 11:24:46.781 [info] Getting sessions for read:user,user:email...
2026-09-04 11:24:46.781 [info] Got 0 sessions for read:user,user:email...
2026-09-04 11:24:46.783 [info] Getting sessions for read:user,user:email...
2026-09-04 11:24:46.783 [info] Got 0 sessions for read:user,user:email...
2026-09-04 11:24:46.784 [info] Getting sessions for read:user,user:email...
2026-09-04 11:24:46.784 [info] Got 0 sessions for read:user,user:email...
2026-09-04 11:24:46.785 [info] Getting sessions for read:user,user:email...
2026-09-04 11:24:46.785 [info] Got 0 sessions for read:user,user:email...
2026-09-04 11:24:46.787 [info] Getting sessions for read:user,user:email...
2026-09-04 11:24:46.787 [info] Got 0 sessions for read:user,user:email...
2026-09-04 11:24:46.788 [info] Getting sessions for read:user,user:email...
2026-09-04 11:24:46.788 [info] Got 0 sessions for read:user,user:email...
2026-09-04 11:24:46.789 [info] Getting sessions for all scopes...
2026-09-04 11:24:46.789 [info] Got 0 sessions for all scopes...
2026-09-04 11:24:46.789 [info] Getting sessions for all scopes...
2026-09-04 11:24:46.789 [info] Got 0 sessions for all scopes...
2026-09-04 11:24:46.794 [info] Getting sessions for all scopes...
2026-09-04 11:24:46.794 [info] Got 0 sessions for all scopes...
2026-09-04 11:24:46.795 [info] Getting sessions for all scopes...
2026-09-04 11:24:46.795 [info] Got 0 sessions for all scopes...
2026-09-04 11:24:46.799 [info] Getting sessions for read:user,user:email...
2026-09-04 11:24:46.799 [info] Got 0 sessions for read:user,user:email...
2026-09-04 11:24:46.800 [info] Getting sessions for all scopes...
2026-09-04 11:24:46.800 [info] Got 0 sessions for all scopes...
2026-09-04 11:24:46.802 [info] Getting sessions for all scopes...
2026-09-04 11:24:46.802 [info] Got 0 sessions for all scopes...
2026-09-04 11:24:46.803 [info] Getting sessions for all scopes...
2026-09-04 11:24:46.803 [info] Got 0 sessions for all scopes...
2026-09-04 11:24:46.807 [info] Getting sessions for all scopes...
2026-09-04 11:24:46.807 [info] Got 0 sessions for all scopes...
2026-09-04 11:24:46.807 [info] Getting sessions for all scopes...
2026-09-04 11:24:46.807 [info] Got 0 sessions for all scopes...
2026-09-04 11:24:46.808 [info] Getting sessions for all scopes...
2026-09-04 11:24:46.808 [info] Got 0 sessions for all scopes...
2026-09-04 11:24:46.814 [info] Getting sessions for all scopes...
2026-09-04 11:24:46.814 [info] Got 0 sessions for all scopes...
2026-09-04 11:24:46.815 [info] Getting sessions for repo...
2026-09-04 11:24:46.815 [info] Got 0 sessions for repo...
2026-09-04 11:24:46.817 [info] Getting sessions for repo...
2026-09-04 11:24:46.817 [info] Got 0 sessions for repo...
2026-09-04 11:24:46.818 [info] Getting sessions for repo...
2026-09-04 11:24:46.818 [info] Got 0 sessions for repo...
2026-09-04 11:24:46.819 [info] Getting sessions for repo...
2026-09-04 11:24:46.819 [info] Got 0 sessions for repo...
2026-09-04 11:24:46.822 [info] Getting sessions for all scopes...
2026-09-04 11:24:46.822 [info] Got 0 sessions for all scopes...
2026-09-04 11:24:46.822 [info] Getting sessions for repo...
2026-09-04 11:24:46.822 [info] Got 0 sessions for repo...
2026-09-04 11:24:46.823 [info] Getting sessions for repo...
2026-09-04 11:24:46.823 [info] Got 0 sessions for repo...
2026-09-04 11:24:46.823 [info] Getting sessions for repo...
2026-09-04 11:24:46.823 [info] Got 0 sessions for repo...
2026-09-04 11:24:46.824 [info] Getting sessions for repo...
2026-09-04 11:24:46.824 [info] Got 0 sessions for repo...
2026-09-04 11:24:46.825 [info] Getting sessions for repo...
2026-09-04 11:24:46.825 [info] Got 0 sessions for repo...
2026-09-04 11:24:46.825 [info] Getting sessions for repo...
2026-09-04 11:24:46.825 [info] Got 0 sessions for repo...
2026-09-04 11:24:46.826 [info] Getting sessions for repo...
2026-09-04 11:24:46.826 [info] Got 0 sessions for repo...
2026-09-04 11:24:46.829 [info] Getting sessions for all scopes...
2026-09-04 11:24:46.829 [info] Got 0 sessions for all scopes...
2026-09-04 11:24:46.831 [info] Getting sessions for all scopes...
2026-09-04 11:24:46.831 [info] Got 0 sessions for all scopes...
2026-09-04 11:24:46.834 [info] Getting sessions for all scopes...
2026-09-04 11:24:46.834 [info] Got 0 sessions for all scopes...
2026-09-04 11:24:46.863 [info] Getting sessions for all scopes...
2026-09-04 11:24:46.863 [info] Got 0 sessions for all scopes...
2026-09-04 11:24:46.864 [info] Getting sessions for repo...
2026-09-04 11:24:46.864 [info] Got 0 sessions for repo...
2026-09-04 11:24:46.865 [info] Getting sessions for all scopes...
2026-09-04 11:24:46.865 [info] Got 0 sessions for all scopes...
2026-09-04 11:24:46.866 [info] Getting sessions for all scopes...
2026-09-04 11:24:46.866 [info] Got 0 sessions for all scopes...
2026-09-04 11:24:46.867 [info] Getting sessions for all scopes...
2026-09-04 11:24:46.867 [info] Got 0 sessions for all scopes...
2026-09-04 11:24:46.868 [info] Getting sessions for all scopes...
2026-09-04 11:24:46.868 [info] Got 0 sessions for all scopes...
2026-09-04 11:24:46.869 [info] Getting sessions for all scopes...
2026-09-04 11:24:46.869 [info] Got 0 sessions for all scopes...
2026-09-04 11:24:46.870 [info] Getting sessions for all scopes...
2026-09-04 11:24:46.870 [info] Got 0 sessions for all scopes...
2026-09-04 11:24:46.871 [info] Getting sessions for all scopes...
2026-09-04 11:24:46.872 [info] Got 0 sessions for all scopes...
2026-09-04 11:24:46.906 [info] Getting sessions for all scopes...
2026-09-04 11:24:46.906 [info] Got 0 sessions for all scopes...
2026-09-04 11:24:48.386 [info] Getting sessions for all scopes...
2026-09-04 11:24:48.386 [info] Got 0 sessions for all scopes...
