The selected window backend is x11 
Mono path[0] = '/home/thomas/.local/share/Steam/steamapps/common/Valheim/valheim_Data/Managed'
Mono config path = '/home/thomas/.local/share/Steam/steamapps/common/Valheim/valheim_Data/MonoBleedingEdge/etc'
Input System module state changed to: Initialized.
Display 0 'eDP-1 15"': 1920x1080 (primary device).
[Physics::Module] Initialized fallback backend.
[Physics::Module] Id: 0xdecafbad
Desktop is 1920 x 1080 @ 60 Hz
[Vulkan init] extensions: count=27
[Vulkan init] extensions: name=VK_EXT_acquire_drm_display [enabled=0, external=0]
[Vulkan init] extensions: name=VK_EXT_acquire_xlib_display [enabled=0, external=0]
[Vulkan init] extensions: name=VK_EXT_debug_report [enabled=0, external=0]
[Vulkan init] extensions: name=VK_EXT_debug_utils [enabled=0, external=0]
[Vulkan init] extensions: name=VK_EXT_direct_mode_display [enabled=0, external=0]
[Vulkan init] extensions: name=VK_EXT_display_surface_counter [enabled=0, external=0]
[Vulkan init] extensions: name=VK_EXT_headless_surface [enabled=0, external=0]
[Vulkan init] extensions: name=VK_EXT_layer_settings [enabled=0, external=0]
[Vulkan init] extensions: name=VK_EXT_surface_maintenance1 [enabled=0, external=0]
[Vulkan init] extensions: name=VK_EXT_swapchain_colorspace [enabled=1, external=0]
[Vulkan init] extensions: name=VK_KHR_device_group_creation [enabled=0, external=0]
[Vulkan init] extensions: name=VK_KHR_display [enabled=1, external=0]
[Vulkan init] extensions: name=VK_KHR_external_fence_capabilities [enabled=1, external=0]
[Vulkan init] extensions: name=VK_KHR_external_memory_capabilities [enabled=1, external=0]
[Vulkan init] extensions: name=VK_KHR_external_semaphore_capabilities [enabled=1, external=0]
[Vulkan init] extensions: name=VK_KHR_get_display_properties2 [enabled=0, external=0]
[Vulkan init] extensions: name=VK_KHR_get_physical_device_properties2 [enabled=1, external=0]
[Vulkan init] extensions: name=VK_KHR_get_surface_capabilities2 [enabled=0, external=0]
[Vulkan init] extensions: name=VK_KHR_portability_enumeration [enabled=0, external=0]
[Vulkan init] extensions: name=VK_KHR_surface [enabled=1, external=0]
[Vulkan init] extensions: name=VK_KHR_surface_maintenance1 [enabled=0, external=0]
[Vulkan init] extensions: name=VK_KHR_surface_protected_capabilities [enabled=0, external=0]
[Vulkan init] extensions: name=VK_KHR_wayland_surface [enabled=1, external=0]
[Vulkan init] extensions: name=VK_KHR_xcb_surface [enabled=0, external=0]
[Vulkan init] extensions: name=VK_KHR_xlib_surface [enabled=1, external=0]
[Vulkan init] extensions: name=VK_LUNARG_direct_driver_loading [enabled=0, external=0]
[Vulkan init] extensions: name=VK_NV_display_stereo [enabled=0, external=0]
[Vulkan init] SelectPhysicalDevice requestedDeviceIndex=-1 xrDevice=(nil)
[Vulkan init] Physical Device 0x2a844ba0 [0]: "Intel(R) HD Graphics 530 (SKL GT2)" deviceType=1 vendorID=8086 deviceID=191b
[Vulkan init] Physical Device 0x2ab36e90 [1]: "Quadro M1000M" deviceType=2 vendorID=10de deviceID=13b1
[Vulkan init] Physical Device 0x2a8434d0 [2]: "llvmpipe (LLVM 22.1.8, 256 bits)" deviceType=4 vendorID=10005 deviceID=0
Vulkan detection: 2
Initialize engine version: 6000.0.61f1 (74a0adb02c31)
[Subsystems] Discovering subsystems at path /home/thomas/.local/share/Steam/steamapps/common/Valheim/valheim_Data/UnitySubsystems
GfxDevice: creating device client; kGfxThreadingModeThreaded
[Vulkan init] extensions: count=27
[Vulkan init] extensions: name=VK_EXT_acquire_drm_display [enabled=0, external=0]
[Vulkan init] extensions: name=VK_EXT_acquire_xlib_display [enabled=0, external=0]
[Vulkan init] extensions: name=VK_EXT_debug_report [enabled=0, external=0]
[Vulkan init] extensions: name=VK_EXT_debug_utils [enabled=0, external=0]
[Vulkan init] extensions: name=VK_EXT_direct_mode_display [enabled=0, external=0]
[Vulkan init] extensions: name=VK_EXT_display_surface_counter [enabled=0, external=0]
[Vulkan init] extensions: name=VK_EXT_headless_surface [enabled=0, external=0]
[Vulkan init] extensions: name=VK_EXT_layer_settings [enabled=0, external=0]
[Vulkan init] extensions: name=VK_EXT_surface_maintenance1 [enabled=0, external=0]
[Vulkan init] extensions: name=VK_EXT_swapchain_colorspace [enabled=1, external=0]
[Vulkan init] extensions: name=VK_KHR_device_group_creation [enabled=0, external=0]
[Vulkan init] extensions: name=VK_KHR_display [enabled=1, external=0]
[Vulkan init] extensions: name=VK_KHR_external_fence_capabilities [enabled=1, external=0]
[Vulkan init] extensions: name=VK_KHR_external_memory_capabilities [enabled=1, external=0]
[Vulkan init] extensions: name=VK_KHR_external_semaphore_capabilities [enabled=1, external=0]
[Vulkan init] extensions: name=VK_KHR_get_display_properties2 [enabled=0, external=0]
[Vulkan init] extensions: name=VK_KHR_get_physical_device_properties2 [enabled=1, external=0]
[Vulkan init] extensions: name=VK_KHR_get_surface_capabilities2 [enabled=0, external=0]
[Vulkan init] extensions: name=VK_KHR_portability_enumeration [enabled=0, external=0]
[Vulkan init] extensions: name=VK_KHR_surface [enabled=1, external=0]
[Vulkan init] extensions: name=VK_KHR_surface_maintenance1 [enabled=0, external=0]
[Vulkan init] extensions: name=VK_KHR_surface_protected_capabilities [enabled=0, external=0]
[Vulkan init] extensions: name=VK_KHR_wayland_surface [enabled=1, external=0]
[Vulkan init] extensions: name=VK_KHR_xcb_surface [enabled=0, external=0]
[Vulkan init] extensions: name=VK_KHR_xlib_surface [enabled=1, external=0]
[Vulkan init] extensions: name=VK_LUNARG_direct_driver_loading [enabled=0, external=0]
[Vulkan init] extensions: name=VK_NV_display_stereo [enabled=0, external=0]
[Vulkan init] SelectPhysicalDevice requestedDeviceIndex=-1 xrDevice=(nil)
[Vulkan init] Physical Device 0x2a88e3b0 [0]: "Intel(R) HD Graphics 530 (SKL GT2)" deviceType=1 vendorID=8086 deviceID=191b
[Vulkan init] Physical Device 0x2a8c9710 [1]: "Quadro M1000M" deviceType=2 vendorID=10de deviceID=13b1
[Vulkan init] Physical Device 0x2a815e70 [2]: "llvmpipe (LLVM 22.1.8, 256 bits)" deviceType=4 vendorID=10005 deviceID=0
[Vulkan init] Selected physical device 0x2a8c9710
[Vulkan init] Graphics queue count=1
[Vulkan init] extensions: count=182
[Vulkan init] extensions: name=VK_AMD_buffer_marker [enabled=0, external=0]
[Vulkan init] extensions: name=VK_EXT_4444_formats [enabled=1, external=0]
[Vulkan init] extensions: name=VK_EXT_attachment_feedback_loop_dynamic_state [enabled=0, external=0]
[Vulkan init] extensions: name=VK_EXT_attachment_feedback_loop_layout [enabled=0, external=0]
[Vulkan init] extensions: name=VK_EXT_blend_operation_advanced [enabled=0, external=0]
[Vulkan init] extensions: name=VK_EXT_border_color_swizzle [enabled=0, external=0]
[Vulkan init] extensions: name=VK_EXT_buffer_device_address [enabled=0, external=0]
[Vulkan init] extensions: name=VK_EXT_calibrated_timestamps [enabled=0, external=0]
[Vulkan init] extensions: name=VK_EXT_color_write_enable [enabled=0, external=0]
[Vulkan init] extensions: name=VK_EXT_conditional_rendering [enabled=0, external=0]
[Vulkan init] extensions: name=VK_EXT_custom_border_color [enabled=0, external=0]
[Vulkan init] extensions: name=VK_EXT_depth_bias_control [enabled=0, external=0]
[Vulkan init] extensions: name=VK_EXT_depth_clamp_control [enabled=0, external=0]
[Vulkan init] extensions: name=VK_EXT_depth_clamp_zero_one [enabled=0, external=0]
[Vulkan init] extensions: name=VK_EXT_depth_clip_control [enabled=0, external=0]
[Vulkan init] extensions: name=VK_EXT_depth_clip_enable [enabled=0, external=0]
[Vulkan init] extensions: name=VK_EXT_depth_range_unrestricted [enabled=0, external=0]
[Vulkan init] extensions: name=VK_EXT_descriptor_buffer [enabled=0, external=0]
[Vulkan init] extensions: name=VK_EXT_descriptor_indexing [enabled=0, external=0]
[Vulkan init] extensions: name=VK_EXT_device_address_binding_report [enabled=0, external=0]
[Vulkan init] extensions: name=VK_EXT_device_fault [enabled=0, external=0]
[Vulkan init] extensions: name=VK_EXT_discard_rectangles [enabled=0, external=0]
[Vulkan init] extensions: name=VK_EXT_display_control [enabled=0, external=0]
[Vulkan init] extensions: name=VK_EXT_dynamic_rendering_unused_attachments [enabled=0, external=0]
[Vulkan init] extensions: name=VK_EXT_extended_dynamic_state [enabled=0, external=0]
[Vulkan init] extensions: name=VK_EXT_extended_dynamic_state2 [enabled=0, external=0]
[Vulkan init] extensions: name=VK_EXT_extended_dynamic_state3 [enabled=0, external=0]
[Vulkan init] extensions: name=VK_EXT_external_memory_dma_buf [enabled=0, external=0]
[Vulkan init] extensions: name=VK_EXT_external_memory_host [enabled=1, external=0]
[Vulkan init] extensions: name=VK_EXT_global_priority [enabled=0, external=0]
[Vulkan init] extensions: name=VK_EXT_global_priority_query [enabled=0, external=0]
[Vulkan init] extensions: name=VK_EXT_graphics_pipeline_library [enabled=0, external=0]
[Vulkan init] extensions: name=VK_EXT_host_image_copy [enabled=0, external=0]
[Vulkan init] extensions: name=VK_EXT_host_query_reset [enabled=0, external=0]
[Vulkan init] extensions: name=VK_EXT_image_2d_view_of_3d [enabled=0, external=0]
[Vulkan init] extensions: name=VK_EXT_image_drm_format_modifier [enabled=0, external=0]
[Vulkan init] extensions: name=VK_EXT_image_robustness [enabled=0, external=0]
[Vulkan init] extensions: name=VK_EXT_image_sliced_view_of_3d [enabled=0, external=0]
[Vulkan init] extensions: name=VK_EXT_image_view_min_lod [enabled=0, external=0]
[Vulkan init] extensions: name=VK_EXT_index_type_uint8 [enabled=0, external=0]
[Vulkan init] extensions: name=VK_EXT_inline_uniform_block [enabled=0, external=0]
[Vulkan init] extensions: name=VK_EXT_legacy_vertex_attributes [enabled=0, external=0]
[Vulkan init] extensions: name=VK_EXT_line_rasterization [enabled=0, external=0]
[Vulkan init] extensions: name=VK_EXT_load_store_op_none [enabled=1, external=0]
[Vulkan init] extensions: name=VK_EXT_map_memory_placed [enabled=0, external=0]
[Vulkan init] extensions: name=VK_EXT_memory_budget [enabled=1, external=0]
[Vulkan init] extensions: name=VK_EXT_multi_draw [enabled=0, external=0]
[Vulkan init] extensions: name=VK_EXT_nested_command_buffer [enabled=0, external=0]
[Vulkan init] extensions: name=VK_EXT_non_seamless_cube_map [enabled=0, external=0]
[Vulkan init] extensions: name=VK_EXT_pci_bus_info [enabled=0, external=0]
[Vulkan init] extensions: name=VK_EXT_physical_device_drm [enabled=0, external=0]
[Vulkan init] extensions: name=VK_EXT_pipeline_creation_cache_control [enabled=0, external=0]
[Vulkan init] extensions: name=VK_EXT_pipeline_creation_feedback [enabled=0, external=0]
[Vulkan init] extensions: name=VK_EXT_pipeline_robustness [enabled=0, external=0]
[Vulkan init] extensions: name=VK_EXT_present_mode_fifo_latest_ready [enabled=0, external=0]
[Vulkan init] extensions: name=VK_EXT_primitive_topology_list_restart [enabled=0, external=0]
[Vulkan init] extensions: name=VK_EXT_primitives_generated_query [enabled=0, external=0]
[Vulkan init] extensions: name=VK_EXT_private_data [enabled=0, external=0]
[Vulkan init] extensions: name=VK_EXT_provoking_vertex [enabled=0, external=0]
[Vulkan init] extensions: name=VK_EXT_robustness2 [enabled=0, external=0]
[Vulkan init] extensions: name=VK_EXT_scalar_block_layout [enabled=1, external=0]
[Vulkan init] extensions: name=VK_EXT_separate_stencil_usage [enabled=0, external=0]
[Vulkan init] extensions: name=VK_EXT_shader_atomic_float [enabled=0, external=0]
[Vulkan init] extensions: name=VK_EXT_shader_demote_to_helper_invocation [enabled=0, external=0]
[Vulkan init] extensions: name=VK_EXT_shader_image_atomic_int64 [enabled=0, external=0]
[Vulkan init] extensions: name=VK_EXT_shader_module_identifier [enabled=0, external=0]
[Vulkan init] extensions: name=VK_EXT_shader_object [enabled=0, external=0]
[Vulkan init] extensions: name=VK_EXT_shader_replicated_composites [enabled=0, external=0]
[Vulkan init] extensions: name=VK_EXT_shader_subgroup_ballot [enabled=0, external=0]
[Vulkan init] extensions: name=VK_EXT_shader_subgroup_vote [enabled=0, external=0]
[Vulkan init] extensions: name=VK_EXT_subgroup_size_control [enabled=0, external=0]
[Vulkan init] extensions: name=VK_EXT_swapchain_maintenance1 [enabled=0, external=0]
[Vulkan init] extensions: name=VK_EXT_texel_buffer_alignment [enabled=0, external=0]
[Vulkan init] extensions: name=VK_EXT_tooling_info [enabled=0, external=0]
[Vulkan init] extensions: name=VK_EXT_transform_feedback [enabled=0, external=0]
[Vulkan init] extensions: name=VK_EXT_vertex_attribute_divisor [enabled=0, external=0]
[Vulkan init] extensions: name=VK_EXT_vertex_attribute_robustness [enabled=0, external=0]
[Vulkan init] extensions: name=VK_EXT_vertex_input_dynamic_state [enabled=1, external=0]
[Vulkan init] extensions: name=VK_EXT_ycbcr_2plane_444_formats [enabled=0, external=0]
[Vulkan init] extensions: name=VK_EXT_ycbcr_image_arrays [enabled=0, external=0]
[Vulkan init] extensions: name=VK_GOOGLE_hlsl_functionality1 [enabled=0, external=0]
[Vulkan init] extensions: name=VK_GOOGLE_user_type [enabled=0, external=0]
[Vulkan init] extensions: name=VK_KHR_16bit_storage [enabled=1, external=0]
[Vulkan init] extensions: name=VK_KHR_8bit_storage [enabled=0, external=0]
[Vulkan init] extensions: name=VK_KHR_bind_memory2 [enabled=1, external=0]
[Vulkan init] extensions: name=VK_KHR_buffer_device_address [enabled=0, external=0]
[Vulkan init] extensions: name=VK_KHR_calibrated_timestamps [enabled=0, external=0]
[Vulkan init] extensions: name=VK_KHR_copy_commands2 [enabled=0, external=0]
[Vulkan init] extensions: name=VK_KHR_create_renderpass2 [enabled=1, external=0]
[Vulkan init] extensions: name=VK_KHR_dedicated_allocation [enabled=1, external=0]
[Vulkan init] extensions: name=VK_KHR_depth_clamp_zero_one [enabled=0, external=0]
[Vulkan init] extensions: name=VK_KHR_depth_stencil_resolve [enabled=1, external=0]
[Vulkan init] extensions: name=VK_KHR_descriptor_update_template [enabled=1, external=0]
[Vulkan init] extensions: name=VK_KHR_device_group [enabled=0, external=0]
[Vulkan init] extensions: name=VK_KHR_draw_indirect_count [enabled=0, external=0]
[Vulkan init] extensions: name=VK_KHR_driver_properties [enabled=1, external=0]
[Vulkan init] extensions: name=VK_KHR_dynamic_rendering [enabled=0, external=0]
[Vulkan init] extensions: name=VK_KHR_dynamic_rendering_local_read [enabled=0, external=0]
[Vulkan init] extensions: name=VK_KHR_external_fence [enabled=1, external=0]
[Vulkan init] extensions: name=VK_KHR_external_fence_fd [enabled=1, external=0]
[Vulkan init] extensions: name=VK_KHR_external_memory [enabled=1, external=0]
[Vulkan init] extensions: name=VK_KHR_external_memory_fd [enabled=1, external=0]
[Vulkan init] extensions: name=VK_KHR_external_semaphore [enabled=1, external=0]
[Vulkan init] extensions: name=VK_KHR_external_semaphore_fd [enabled=1, external=0]
[Vulkan init] extensions: name=VK_KHR_format_feature_flags2 [enabled=0, external=0]
[Vulkan init] extensions: name=VK_KHR_get_memory_requirements2 [enabled=1, external=0]
[Vulkan init] extensions: name=VK_KHR_global_priority [enabled=0, external=0]
[Vulkan init] extensions: name=VK_KHR_image_format_list [enabled=1, external=0]
[Vulkan init] extensions: name=VK_KHR_imageless_framebuffer [enabled=0, external=0]
[Vulkan init] extensions: name=VK_KHR_incremental_present [enabled=0, external=0]
[Vulkan init] extensions: name=VK_KHR_index_type_uint8 [enabled=0, external=0]
[Vulkan init] extensions: name=VK_KHR_line_rasterization [enabled=0, external=0]
[Vulkan init] extensions: name=VK_KHR_load_store_op_none [enabled=0, external=0]
[Vulkan init] extensions: name=VK_KHR_maintenance1 [enabled=1, external=0]
[Vulkan init] extensions: name=VK_KHR_maintenance2 [enabled=1, external=0]
[Vulkan init] extensions: name=VK_KHR_maintenance3 [enabled=0, external=0]
[Vulkan init] extensions: name=VK_KHR_maintenance4 [enabled=0, external=0]
[Vulkan init] extensions: name=VK_KHR_maintenance5 [enabled=0, external=0]
[Vulkan init] extensions: name=VK_KHR_maintenance6 [enabled=0, external=0]
[Vulkan init] extensions: name=VK_KHR_maintenance7 [enabled=0, external=0]
[Vulkan init] extensions: name=VK_KHR_maintenance8 [enabled=0, external=0]
[Vulkan init] extensions: name=VK_KHR_map_memory2 [enabled=0, external=0]
[Vulkan init] extensions: name=VK_KHR_multiview [enabled=1, external=0]
[Vulkan init] extensions: name=VK_KHR_pipeline_binary [enabled=0, external=0]
[Vulkan init] extensions: name=VK_KHR_pipeline_executable_properties [enabled=0, external=0]
[Vulkan init] extensions: name=VK_KHR_pipeline_library [enabled=0, external=0]
[Vulkan init] extensions: name=VK_KHR_present_id [enabled=1, external=0]
[Vulkan init] extensions: name=VK_KHR_present_wait [enabled=1, external=0]
[Vulkan init] extensions: name=VK_KHR_push_descriptor [enabled=0, external=0]
[Vulkan init] extensions: name=VK_KHR_relaxed_block_layout [enabled=0, external=0]
[Vulkan init] extensions: name=VK_KHR_sampler_mirror_clamp_to_edge [enabled=1, external=0]
[Vulkan init] extensions: name=VK_KHR_sampler_ycbcr_conversion [enabled=1, external=0]
[Vulkan init] extensions: name=VK_KHR_separate_depth_stencil_layouts [enabled=0, external=0]
[Vulkan init] extensions: name=VK_KHR_shader_atomic_int64 [enabled=1, external=0]
[Vulkan init] extensions: name=VK_KHR_shader_clock [enabled=0, external=0]
[Vulkan init] extensions: name=VK_KHR_shader_draw_parameters [enabled=0, external=0]
[Vulkan init] extensions: name=VK_KHR_shader_expect_assume [enabled=0, external=0]
[Vulkan init] extensions: name=VK_KHR_shader_float16_int8 [enabled=1, external=0]
[Vulkan init] extensions: name=VK_KHR_shader_float_controls [enabled=0, external=0]
[Vulkan init] extensions: name=VK_KHR_shader_float_controls2 [enabled=0, external=0]
[Vulkan init] extensions: name=VK_KHR_shader_integer_dot_product [enabled=0, external=0]
[Vulkan init] extensions: name=VK_KHR_shader_non_semantic_info [enabled=1, external=0]
[Vulkan init] extensions: name=VK_KHR_shader_relaxed_extended_instruction [enabled=0, external=0]
[Vulkan init] extensions: name=VK_KHR_shader_subgroup_extended_types [enabled=0, external=0]
[Vulkan init] extensions: name=VK_KHR_shader_subgroup_rotate [enabled=0, external=0]
[Vulkan init] extensions: name=VK_KHR_shader_terminate_invocation [enabled=0, external=0]
[Vulkan init] extensions: name=VK_KHR_shared_presentable_image [enabled=0, external=0]
[Vulkan init] extensions: name=VK_KHR_spirv_1_4 [enabled=0, external=0]
[Vulkan init] extensions: name=VK_KHR_storage_buffer_storage_class [enabled=1, external=0]
[Vulkan init] extensions: name=VK_KHR_swapchain [enabled=1, external=0]
[Vulkan init] extensions: name=VK_KHR_swapchain_mutable_format [enabled=1, external=0]
[Vulkan init] extensions: name=VK_KHR_synchronization2 [enabled=0, external=0]
[Vulkan init] extensions: name=VK_KHR_timeline_semaphore [enabled=0, external=0]
[Vulkan init] extensions: name=VK_KHR_uniform_buffer_standard_layout [enabled=0, external=0]
[Vulkan init] extensions: name=VK_KHR_variable_pointers [enabled=0, external=0]
[Vulkan init] extensions: name=VK_KHR_vertex_attribute_divisor [enabled=0, external=0]
[Vulkan init] extensions: name=VK_KHR_video_decode_h264 [enabled=0, external=0]
[Vulkan init] extensions: name=VK_KHR_video_decode_queue [enabled=0, external=0]
[Vulkan init] extensions: name=VK_KHR_video_maintenance1 [enabled=0, external=0]
[Vulkan init] extensions: name=VK_KHR_video_maintenance2 [enabled=0, external=0]
[Vulkan init] extensions: name=VK_KHR_video_queue [enabled=0, external=0]
[Vulkan init] extensions: name=VK_KHR_vulkan_memory_model [enabled=0, external=0]
[Vulkan init] extensions: name=VK_KHR_workgroup_memory_explicit_layout [enabled=0, external=0]
[Vulkan init] extensions: name=VK_KHR_zero_initialize_workgroup_memory [enabled=0, external=0]
[Vulkan init] extensions: name=VK_NVX_multiview_per_view_attributes [enabled=0, external=0]
[Vulkan init] extensions: name=VK_NV_dedicated_allocation [enabled=0, external=0]
[Vulkan init] extensions: name=VK_NV_dedicated_allocation_image_aliasing [enabled=0, external=0]
[Vulkan init] extensions: name=VK_NV_descriptor_pool_overallocation [enabled=0, external=0]
[Vulkan init] extensions: name=VK_NV_device_diagnostic_checkpoints [enabled=0, external=0]
[Vulkan init] extensions: name=VK_NV_device_diagnostics_config [enabled=0, external=0]
[Vulkan init] extensions: name=VK_NV_device_generated_commands [enabled=0, external=0]
[Vulkan init] extensions: name=VK_NV_disk_cache_utils [enabled=0, external=0]
[Vulkan init] extensions: name=VK_NV_inherited_viewport_scissor [enabled=0, external=0]
[Vulkan init] extensions: name=VK_NV_internal_nvpresent [enabled=0, external=0]
[Vulkan init] extensions: name=VK_NV_linear_color_attachment [enabled=0, external=0]
[Vulkan init] extensions: name=VK_NV_low_latency [enabled=0, external=0]
[Vulkan init] extensions: name=VK_NV_low_latency2 [enabled=0, external=0]
[Vulkan init] extensions: name=VK_NV_present_barrier [enabled=0, external=0]
[Vulkan init] extensions: name=VK_NV_present_metering [enabled=0, external=0]
[Vulkan init] extensions: name=VK_NV_raw_access_chains [enabled=0, external=0]
[Vulkan init] extensions: name=VK_NV_shader_sm_builtins [enabled=0, external=0]
[Vulkan init] extensions: name=VK_NV_shader_subgroup_partitioned [enabled=0, external=0]
Vulkan API version 1.1.0 (1.4.312 supported by driver, 1.1.0 requested)
Vulkan vendor=[NVIDIA] id=[10de]
Vulkan renderer=[Quadro M1000M] id=[13b1]
Vulkan device type 2
Vulkan driverversion=[580.712.256 (0x912c8100)] uint=[-1859354368]
Vulkan driverLibraryString=[NVIDIA (4), 580.178.04]
Vulkan PSO: Cache data successfully loaded [size=2928623,path=/tmp/IronGate/Valheim/vulkan_pso_cache.bin]
Begin MonoManager ReloadAssembly
- Loaded All Assemblies, in  0.094 seconds
- Finished resetting the current domain, in  0.003 seconds
[Physics::Module] Selected backend.
[Physics::Module] Name: PhysX
[Physics::Module] Id: 0xf2b8ea05
[Physics::Module] SDK Version: 4.1.2
[Physics::Module] Integration Version: 1.0.0
[Physics::Module] Threading Mode: Multi-Threaded
[Message:   BepInEx] BepInEx 5.4.23.3 - valheim (08/12/2026 14:04:55)
[Message:   BepInEx] User is running BepInExPack Valheim version 5.4.2333 from Thunderstore
[Info   :   BepInEx] Running under Unity vUnknown (post-2017)
[Info   :   BepInEx] CLR runtime version: 4.0.30319.42000
[Info   :   BepInEx] Supports SRE: True
[Info   :   BepInEx] System platform: Bits64, Linux
[Message:   BepInEx] Preloader started
[Info   :   BepInEx] Loaded 1 patcher method from [BepInEx.Preloader 5.4.23.3]
[Info   :   BepInEx] 1 patcher plugin loaded
[Info   :   BepInEx] Patching [UnityEngine.CoreModule] with [BepInEx.Chainloader]
[Message:   BepInEx] Preloader finished
[Info   :   BepInEx] Detected Unity version: v6000.0.61f1
[Message:   BepInEx] Chainloader ready
[Message:   BepInEx] Chainloader started
[Info   :   BepInEx] 3 plugins to load
[Info   :   BepInEx] Loading [AzuCraftyBoxes 1.8.15]
[Debug  :AzuCraftyBoxes] OnValChanged called
[Debug  :   BepInEx] [UnityInput] Using LegacyInputSystem
[Info   :   BepInEx] Loading [BuildCameraCHE 1.2.10]
[Info   :   BepInEx] Loading [Quick Stack - Store - Sort - Trash - Restock 1.4.13]
[Message:   BepInEx] Chainloader startup complete
requesting resize 850 x 245
resizing window to 850 x 245
Desktop is 1920 x 1080 @ 60 Hz
InitializeOrResetSwapChain 850x245 hdr=0 samples=1
UnloadTime: 0.461193 ms
08/31/2026 14:05:20: Using environment steamid 892970
08/31/2026 14:05:20: Using steam APPID:892970
08/31/2026 14:05:20: Authentication:k_ESteamNetworkingAvailability_Attempting
08/31/2026 14:05:20: Platform doesn't implement Process Lifetime Management! Don't initialize suspend manager.
08/31/2026 14:05:20: Initialized platform!
08/31/2026 14:05:20: Platform doesn't implement matchmaking! Don't initialize matchmaking manager.
08/31/2026 14:05:20: All files in local storage save data:
/home/thomas/.config/unity3d/IronGate/Valheim/Player-prev.log (28919)
/home/thomas/.config/unity3d/IronGate/Valheim/Player.log (23805)
/home/thomas/.config/unity3d/IronGate/Valheim/prefs (979)
08/31/2026 14:05:20: All files in platform save data:
characters/huggy.fch (56658)
characters/huggy.fch.old (56673)
serverlist/recent (118)
serverlist/recent.old (118)
worlds/Drengene.db (26203541)
worlds/Drengene.fwl (49)
worlds/Drengene_backup_auto-20260406204228.db (4223637)
worlds/Drengene_backup_auto-20260406204228.fwl (49)
worlds/Drengene_backup_auto-20260406224245.db (4334931)
worlds/Drengene_backup_auto-20260406224245.fwl (49)
worlds/Drengene_backup_auto-20260411191513.db (4631291)
worlds/Drengene_backup_auto-20260411191513.fwl (49)
worlds/Drengene_backup_auto-20260411212743.db (6691952)
worlds/Drengene_backup_auto-20260411212743.fwl (49)
characters/huggy_backup_auto-20260816202742.fch (51224)
characters/huggy_backup_auto-20260816232549.fch (53291)
characters/huggy_backup_auto-20260823195624.fch (56356)
characters/huggy_backup_auto-20260823220409.fch (56036)
08/31/2026 14:05:20: Initializing preferences provider...
08/31/2026 14:05:20: No preference provider available for this platform!
08/31/2026 14:05:20: Set background loading budget to Low
08/31/2026 14:05:21: Loading first scene!
08/31/2026 14:05:21: Preferences initialized! Activating first scene!
[Debug  :AzuCraftyBoxes] Reloading configuration...
[Info   :AzuCraftyBoxes] Configuration reload complete.
Unloading 4 Unused Serialized files (Serialized files now loaded: 8)
UnloadTime: 0.082302 ms
08/31/2026 14:05:21: 
08/31/2026 14:05:21: Starting to load scene:start.unity (169d7618616154c03be07e9ad3af5893)
08/31/2026 14:05:21: Set background loading budget to Normal
08/31/2026 14:05:22: Loaded localization file #0 - 'localization' language: 'English'
08/31/2026 14:05:22: Loaded localization file #1 - 'localization_extra' language: 'English'
08/31/2026 14:05:22: Loaded localization file #2 - 'heightmap_message' language: 'English'
08/31/2026 14:05:22: Loaded localization file #3 - 'localization_witch' language: 'English'
08/31/2026 14:05:22: Loaded localization file #4 - 'localization_ashlands' language: 'English'
08/31/2026 14:05:22: Loaded localization file #5 - 'localization_captions' language: 'English'
08/31/2026 14:05:22: Loaded localization file #6 - 'localization_combatupdate' language: 'English'
08/31/2026 14:05:22: Loaded localization file #7 - 'localization_celebrationupdate' language: 'English'
08/31/2026 14:05:22: Language has not been set explicitly yet
08/31/2026 14:05:22: Setting language from locale
08/31/2026 14:05:22: User had no locale, don't set language
Unloading 172 unused Assets to reduce memory usage. Loaded Objects now: 2480.
Total: 16.781026 ms (FindLiveObjects: 0.112126 ms CreateObjectMapping: 0.069527 ms MarkObjects: 16.446308 ms  DeleteObjects: 0.152763 ms)

The referenced script on this Behaviour (Game Object '<null>') is missing!
08/31/2026 14:05:26: Set background loading budget to High
08/31/2026 14:05:26: GPU Device: 10DE:13B1 (NVIDIA)
The referenced script on this Behaviour (Game Object '<null>') is missing!
The referenced script on this Behaviour (Game Object '<null>') is missing!
Unloading 3 Unused Serialized files (Serialized files now loaded: 20)
08/31/2026 14:05:32: Set background loading budget to Low
UnloadTime: 22.821130 ms
Only custom filters can be played. Please add a custom filter or an audioclip to the audiosource (Amb_MainMenu).
08/31/2026 14:05:33: Missing audio clip in music respawn
08/31/2026 14:05:33: Steam initialized, persona:Bjørn Brækjern
08/31/2026 14:05:33: Valheim version: l-0.221.12 (network version 36)
08/31/2026 14:05:33: Worldgenerator version setup:2
08/31/2026 14:05:33: Render threading mode:MultiThreaded
08/31/2026 14:05:33: Checking for installed DLCs
08/31/2026 14:05:33: DLC:beta installed:False
08/31/2026 14:05:33: Builder started
[Debug  :BuildCameraCHE] in Player_Awake, changing maxPlaceDistance from 8 to 100
08/31/2026 14:05:33: Sending PlayFab login request (attempt 1)
08/31/2026 14:05:33: Starting music menu
Unloading 93736 unused Assets to reduce memory usage. Loaded Objects now: 209895.
Total: 294.825285 ms (FindLiveObjects: 29.632064 ms CreateObjectMapping: 59.737084 ms MarkObjects: 139.212815 ms  DeleteObjects: 66.242891 ms)

08/31/2026 14:05:34: Session auth respons callback
08/31/2026 14:05:35: Logged in PlayFab user via Steam auth session ticket
08/31/2026 14:05:35: PlayFab local entity ID is CF15CABBB28275DC
08/31/2026 14:05:35: Released session ticket
InitializeOrResetSwapChain 847x242 hdr=0 samples=1
08/31/2026 14:06:06: Graphics mode changed: Standard
08/31/2026 14:06:06: 
InitializeOrResetSwapChain 857x252 hdr=0 samples=1
08/31/2026 14:06:07: Graphics mode changed: Standard
08/31/2026 14:06:07: 
InitializeOrResetSwapChain 1040x1006 hdr=0 samples=1
08/31/2026 14:06:07: Graphics mode changed: Standard
08/31/2026 14:06:07: 
08/31/2026 14:06:12: Activating default element MouseSensitivity
08/31/2026 14:06:13: Activating default element MouseSensitivity
08/31/2026 14:06:13: Activating default element Left
08/31/2026 14:06:13: Activating default element Left
08/31/2026 14:06:13: Activating default element Resolution
08/31/2026 14:06:18: Loaded localization file #0 - 'localization' language: 'English'
08/31/2026 14:06:18: Loaded localization file #1 - 'localization_extra' language: 'English'
08/31/2026 14:06:18: Loaded localization file #2 - 'heightmap_message' language: 'English'
08/31/2026 14:06:18: Loaded localization file #3 - 'localization_witch' language: 'English'
08/31/2026 14:06:18: Loaded localization file #4 - 'localization_ashlands' language: 'English'
08/31/2026 14:06:18: Loaded localization file #5 - 'localization_captions' language: 'English'
08/31/2026 14:06:18: Loaded localization file #6 - 'localization_combatupdate' language: 'English'
08/31/2026 14:06:18: Loaded localization file #7 - 'localization_celebrationupdate' language: 'English'
[Debug  :BuildCameraCHE] in Player_Awake, changing maxPlaceDistance from 8 to 100
08/31/2026 14:06:18: 
1040 x 1006 @ 60Hz
Parent of RectTransform is being set with parent property. Consider using the SetParent method instead, with the worldPositionStays argument set to false. This will retain local orientation and scale rather than world orientation and scale, which can prevent common UI scaling issues.
requesting resize 1920 x 1080
Using native desktop resolution 1920 x 1080
requesting fullscreen 1920 x 1080 at 60/1 Hz
Desktop is 1920 x 1080 @ 60 Hz
InitializeOrResetSwapChain 1920x1080 hdr=0 samples=1
08/31/2026 14:06:18: Graphics mode changed: Standard
08/31/2026 14:06:18: 
08/31/2026 14:06:19: Activating default element Resolution
08/31/2026 14:06:25: show character selection
08/31/2026 14:06:27: OnCharacterStart
08/31/2026 14:06:32: Loading main scene
The referenced script on this Behaviour (Game Object '<null>') is missing!
Unloading 3 Unused Serialized files (Serialized files now loaded: 21)
UnloadTime: 18.444047 ms
08/31/2026 14:06:32: Audioman already exist, destroying self
08/31/2026 14:06:32: Steam initialized, persona:Bjørn Brækjern
08/31/2026 14:06:32: Loading player profile huggy
08/31/2026 14:06:32: isModded: True
08/31/2026 14:06:32: Zonesystem Awake 3068
08/31/2026 14:06:32: DungeonDB Awake 3068
08/31/2026 14:06:32: Steam initialized, persona:Bjørn Brækjern
08/31/2026 14:06:32: Worldgenerator version setup:2
Registered 'Azumatt.AzuCraftyBoxes ConfigSync' RPC - waiting for incoming connections
Registered 'Azumatt.BuildCameraCHE ConfigSync' RPC - waiting for incoming connections
Registered 'goldenrevolver.quick_stack_store ConfigSync' RPC - waiting for incoming connections
08/31/2026 14:06:36: Checking for installed DLCs
08/31/2026 14:06:36: DLC:beta installed:False
Unloading 378 unused Assets to reduce memory usage. Loaded Objects now: 207712.
Total: 183.595364 ms (FindLiveObjects: 16.787001 ms CreateObjectMapping: 44.306794 ms MarkObjects: 121.289446 ms  DeleteObjects: 1.211806 ms)

08/31/2026 14:06:36: Zonesystem Start 3068
08/31/2026 14:06:36: Added 3 locations, 0 vegetations, 0 environments, 0 biome env-setups, 0 clutter  from main
08/31/2026 14:06:36: Added 1 locations, 0 vegetations, 2 environments, 0 biome env-setups, 0 clutter  from main
08/31/2026 14:06:36: Added 27 locations, 25 vegetations, 5 environments, 1 biome env-setups, 3 clutter  from main
08/31/2026 14:06:36: Added 4 locations, 0 vegetations, 1 environments, 0 biome env-setups, 0 clutter  from main
08/31/2026 14:06:36: Added 25 locations, 33 vegetations, 8 environments, 2 biome env-setups, 2 clutter  from main
08/31/2026 14:06:36: DungeonDB Start 3068
08/31/2026 14:06:36: ZRpc timeout set to 30s 
08/31/2026 14:06:36: ZNET START
08/31/2026 14:06:36: Load world: Drengene (Drengene)
08/31/2026 14:06:36: Loading 572172 zdos, my sessionID: 1217963679, data version: 37
08/31/2026 14:06:36: Loading in ZDOs
08/31/2026 14:06:38: Adding to Dictionary
08/31/2026 14:06:38: Adding to Sectors
08/31/2026 14:06:38: Connecting Portals, Spawners & ZSyncTransforms
ConnectPortals => Connected 7 portals.
ConnectSpawners => Connected 537 spawners and 716 'done' spawners.
08/31/2026 14:06:38: Loaded 11424 locations
08/31/2026 14:06:38: Unloading unused assets
Unloading 1 Unused Serialized files (Serialized files now loaded: 21)
08/31/2026 14:06:39: Starting respawn
08/31/2026 14:06:50: Generating new world minimap done [11366ms]
08/31/2026 14:06:51: Minimap: unpacking compressed mapData 30771 => 8396969 bytes
08/31/2026 14:06:51: tip:$loadscreen_tip18
Unloading 4 unused Assets to reduce memory usage. Loaded Objects now: 208364.
Total: 382.578672 ms (FindLiveObjects: 14.538539 ms CreateObjectMapping: 37.650773 ms MarkObjects: 329.962001 ms  DeleteObjects: 0.427037 ms)

08/31/2026 14:06:52: Placed locations in zone 17,-41  duration 7.295 ms
08/31/2026 14:07:00: Spawned after 8.019993
[Debug  :BuildCameraCHE] in Player_Awake, changing maxPlaceDistance from 8 to 100
08/31/2026 14:07:00: Character ID for player ([Huggy, 0:0], [Bjørn Brækjern, 0:0], Bjørn Brækjern) was 0:0. Skipping.
08/31/2026 14:07:00: Skipping unloading unused assets
08/31/2026 14:07:00: Minimap: Adding unique location (62.13, 79.47, -5.90)
08/31/2026 14:07:00: Minimap: Adding unique location (766.45, 72.18, 1355.72)
08/31/2026 14:07:00: Minimap: Adding unique location (-4098.63, 49.61, 710.56)
08/31/2026 14:07:00: Minimap: Adding unique location (-3904.66, 31.06, 770.88)
08/31/2026 14:07:01: Placed locations in zone 17,-37  duration 3.074 ms
08/31/2026 14:07:01: Placed locations in zone 16,-37  duration 15.392 ms
08/31/2026 14:07:01: Loading dungeon
08/31/2026 14:07:01: Dungeon loaded with 0 rooms from old format in 0.698 ms.
08/31/2026 14:07:01: Generating DG_MeadowsVillage(Clone), Seed: 1052693330, Bounds diff: (-32.00, -32.00, -32.00) / (32.00, 32.00, 32.00)
08/31/2026 14:07:01: Available rooms:10
08/31/2026 14:07:01: To place:30
08/31/2026 14:07:01: Placed 3 rooms
08/31/2026 14:07:01: Placed locations in zone 19,-41  duration 207.778 ms
08/31/2026 14:07:01: Placed locations in zone 19,-35  duration 3.28 ms
08/31/2026 14:07:01: Placed locations in zone 20,-35  duration 1.02 ms
08/31/2026 14:07:02: Placed locations in zone 16,-36  duration 14.984 ms
08/31/2026 14:07:02: Spawned Deer x 1
08/31/2026 14:07:02: Spawned Deer x 2
08/31/2026 14:07:02: Spawned Boar x 3
08/31/2026 14:07:02: Spawned Neck x 2
08/31/2026 14:07:02: Spawned Neck x 2
08/31/2026 14:07:02: Spawned Neck x 4
08/31/2026 14:07:02: Spawned Seagal x 1
08/31/2026 14:07:02: Spawned Seagal x 1
08/31/2026 14:07:02: Spawned Fish1 x 2
08/31/2026 14:07:02: Placed locations in zone 15,-42  duration 41.816 ms
08/31/2026 14:07:04: Placed locations in zone 14,-42  duration 47.55 ms
08/31/2026 14:07:04: Placed locations in zone 15,-37  duration 1.23 ms
08/31/2026 14:07:04: Placed locations in zone 13,-42  duration 0.225 ms
08/31/2026 14:07:04: Placed locations in zone 14,-40  duration 0.224 ms
08/31/2026 14:07:04: Placed locations in zone 14,-41  duration 0.36 ms
08/31/2026 14:07:04: Placed locations in zone 14,-39  duration 0.737 ms
08/31/2026 14:07:05: Starting music meadows
08/31/2026 14:07:05: Resumed music meadows at 0
08/31/2026 14:07:05: Placed locations in zone 13,-39  duration 6.588 ms
08/31/2026 14:07:06: Placed locations in zone 14,-38  duration 13.104 ms
08/31/2026 14:07:06: Placed locations in zone 13,-36  duration 0.201 ms
08/31/2026 14:07:07: Placed locations in zone 15,-36  duration 18.407 ms
08/31/2026 14:07:08: Placed locations in zone 21,-36  duration 38.455 ms
08/31/2026 14:07:08: Placed locations in zone 14,-35  duration 4.045 ms
08/31/2026 14:07:56: Loading dungeon
08/31/2026 14:07:56: Dungeon loaded with 0 rooms from old format in 0.105 ms.
08/31/2026 14:07:56: Generating DG_Cave(Clone), Seed: 1100727398, Bounds diff: (-32.00, -238.00, -2.00) / (32.00, 18.00, 62.00)
08/31/2026 14:07:56: Available rooms:94
08/31/2026 14:07:56: To place:64
08/31/2026 14:07:56: Connections 4
08/31/2026 14:07:56: placed 1 doors
08/31/2026 14:07:56: Placed 44 rooms
08/31/2026 14:07:56: Placed locations in zone 16,-42  duration 166.066 ms
08/31/2026 14:07:56: Loading dungeon
08/31/2026 14:07:56: Dungeon loaded with 0 rooms from old format in 0.097 ms.
08/31/2026 14:07:56: Generating DG_Cave(Clone), Seed: 1101449205, Bounds diff: (-32.00, -238.00, -2.00) / (32.00, 18.00, 62.00)
08/31/2026 14:07:56: Available rooms:94
08/31/2026 14:07:56: To place:64
08/31/2026 14:07:56: Connections 4
08/31/2026 14:07:57: All required rooms have been placed, stopping generation
08/31/2026 14:07:57: placed 4 doors
08/31/2026 14:07:57: Placed 38 rooms
08/31/2026 14:07:57: Placed locations in zone 13,-40  duration 141.487 ms
08/31/2026 14:07:59: Spawned Fish1 x 2
08/31/2026 14:07:59: Spawned Fish1 x 1
08/31/2026 14:08:00: Spawned Seagal x 2
08/31/2026 14:08:00: Spawned Fish2 x 4
08/31/2026 14:08:02: Loading dungeon
08/31/2026 14:08:02: Dungeon loaded with 44 rooms in 0.905 ms.
08/31/2026 14:08:02: Loading room prefabs asynchronously
08/31/2026 14:08:02: Spawning dungeon
08/31/2026 14:08:27: Spawned Deer x 1
08/31/2026 14:08:27: Spawned Boar x 1
08/31/2026 14:08:27: Spawned Seagal x 1
08/31/2026 14:08:27: Spawned Greyling x 1
08/31/2026 14:08:33: Activating default element Continue
08/31/2026 14:08:38: Activating default element GuiScaling
08/31/2026 14:08:44: 
08/31/2026 14:08:44: Activating default element GuiScaling
08/31/2026 14:08:44: Activating default element Continue
08/31/2026 14:08:58: Valid True
08/31/2026 14:08:58: On death False
08/31/2026 14:09:02: Spawned Boar x 3
08/31/2026 14:09:02: Spawned Boar x 1
08/31/2026 14:09:02: Spawned Neck x 4
08/31/2026 14:09:02: Spawned Neck x 2
08/31/2026 14:09:02: Spawned Seagal x 1
08/31/2026 14:09:02: Spawned Seagal x 1
08/31/2026 14:09:02: Spawned Fish1 x 3
08/31/2026 14:09:02: Spawned Greyling x 1
08/31/2026 14:09:04: Spawned Fish2 x 2
08/31/2026 14:09:04: Spawned Deathsquito x 1
08/31/2026 14:09:04: Spawned Deathsquito x 1
08/31/2026 14:09:04: Placed locations in zone 23,-38  duration 0.829 ms
08/31/2026 14:09:07: Valid True
08/31/2026 14:09:07: On death False
08/31/2026 14:09:21: Valid True
08/31/2026 14:09:21: On death False
08/31/2026 14:09:26: Spawned Seagal x 2
08/31/2026 14:09:26: Spawned Fish2 x 2
08/31/2026 14:09:26: Spawned Fish7 x 6
08/31/2026 14:09:26: Spawned Goblin x 2
08/31/2026 14:09:27: Stopped music meadows at 6280780
08/31/2026 14:09:27: Starting music plains
08/31/2026 14:09:27: Resumed music plains at 0
08/31/2026 14:09:43: Valid True
08/31/2026 14:09:43: On death False
08/31/2026 14:09:46: Spawned Seagal x 1
08/31/2026 14:09:46: Spawned Fish1 x 1
08/31/2026 14:09:46: Spawned Fish1 x 1
08/31/2026 14:09:46: Spawned Fish7 x 1
08/31/2026 14:09:46: Spawned Deathsquito x 1
08/31/2026 14:10:01: Spawned Fish1 x 2
08/31/2026 14:10:01: Spawned Fish2 x 2
08/31/2026 14:10:25: Spawned Seagal x 1
08/31/2026 14:10:59: Spawned Goblin x 1
08/31/2026 14:11:00: Spawned Goblin x 1
08/31/2026 14:11:00: Spawned Deathsquito x 2
08/31/2026 14:11:01: Loading dungeon
08/31/2026 14:11:01: Dungeon loaded with 31 rooms in 0.101 ms.
08/31/2026 14:11:01: Loading room prefabs asynchronously
08/31/2026 14:11:04: Spawning dungeon
08/31/2026 14:11:46: Spawned Seagal x 2
08/31/2026 14:11:46: Spawned Goblin x 1
08/31/2026 14:11:46: Setting saddle:False
08/31/2026 14:11:46: Setting saddle:False
08/31/2026 14:11:46: Setting saddle:False
08/31/2026 14:12:10: Spawned Goblin x 1
Internal: JobTempAlloc has allocations that are more than the maximum lifespan of 4 frames old - this is not allowed and likely a leak
To Debug, run app with -diag-job-temp-memory-leak-validation cmd line argument. This will output the callstacks of the leaked allocations.
08/31/2026 14:12:13: Setting saddle:False
08/31/2026 14:12:13: Setting saddle:False
08/31/2026 14:12:35: Update PlayFab entity token
08/31/2026 14:12:58: Spawned Deathsquito x 1
08/31/2026 14:12:59: Loading dungeon
08/31/2026 14:12:59: Dungeon loaded with 24 rooms in 0.101 ms.
08/31/2026 14:12:59: Loading room prefabs asynchronously
08/31/2026 14:13:00: Spawning dungeon
08/31/2026 14:13:00: Setting saddle:False
Internal: JobTempAlloc has allocations that are more than the maximum lifespan of 4 frames old - this is not allowed and likely a leak
To Debug, run app with -diag-job-temp-memory-leak-validation cmd line argument. This will output the callstacks of the leaked allocations.
08/31/2026 14:13:29: Setting saddle:False
08/31/2026 14:13:29: Setting saddle:False
Internal: JobTempAlloc has allocations that are more than the maximum lifespan of 4 frames old - this is not allowed and likely a leak
To Debug, run app with -diag-job-temp-memory-leak-validation cmd line argument. This will output the callstacks of the leaked allocations.
Internal: deleting an allocation that is older than its permitted lifetime of 4 frames (age = 7)
Internal: deleting an allocation that is older than its permitted lifetime of 4 frames (age = 7)
08/31/2026 14:14:01: Starting music evening
08/31/2026 14:14:02: Stopped music plains at 4299975
08/31/2026 14:14:12: Spawned Skeleton x 3
08/31/2026 14:14:12: Spawned Goblin x 2
08/31/2026 14:14:25: Starting respawn
08/31/2026 14:14:25: Local player destroyed
Internal: deleting an allocation that is older than its permitted lifetime of 4 frames (age = 9)
Internal: deleting an allocation that is older than its permitted lifetime of 4 frames (age = 9)
08/31/2026 14:14:25: tip:$loadscreen_tip17
[Debug  :BuildCameraCHE] in CraftingStation_Start, changing rangeBuild from 20 to 100
[Debug  :BuildCameraCHE] in CraftingStation_Start, changing rangeBuild from 20 to 100
[Debug  :BuildCameraCHE] in CraftingStation_Start, changing rangeBuild from 20 to 100
[Debug  :BuildCameraCHE] in CraftingStation_Start, changing rangeBuild from 40 to 100
[Debug  :BuildCameraCHE] in CraftingStation_Start, changing rangeBuild from 20 to 100
[Debug  :BuildCameraCHE] in CraftingStation_Start, changing rangeBuild from 20 to 100
08/31/2026 14:14:29: Force generating hmap (640.00, 0.00, -3776.00)
08/31/2026 14:14:29: Setting saddle:False
08/31/2026 14:14:29: Setting saddle:False
08/31/2026 14:14:29: Setting saddle:False
08/31/2026 14:14:33: Found bed at custom spawn point
[Debug  :BuildCameraCHE] in Player_Awake, changing maxPlaceDistance from 8 to 100
08/31/2026 14:14:33: Skipping unloading unused assets
08/31/2026 14:14:33: Starting music plains
08/31/2026 14:14:33: Resumed music plains at 4299975
08/31/2026 14:14:37: Stopped music plains at 4458970
08/31/2026 14:14:37: Starting music home
08/31/2026 14:14:39: Starting to grow plant with rotation: (0.00000, 0.97416, 0.00000, 0.22584)
08/31/2026 14:14:39: Starting to grow plant with rotation: (0.00000, 0.80008, 0.00000, 0.59990)
08/31/2026 14:14:39: Starting to grow plant with rotation: (0.00000, 0.76398, 0.00000, -0.64524)
08/31/2026 14:14:39: Starting to grow plant with rotation: (0.00000, 0.62918, 0.00000, -0.77726)
08/31/2026 14:14:39: Starting to grow plant with rotation: (0.00000, 0.52282, 0.00000, -0.85244)
08/31/2026 14:14:39: Starting to grow plant with rotation: (0.00000, 0.68832, 0.00000, 0.72541)
08/31/2026 14:14:39: Starting to grow plant with rotation: (0.00000, 0.10265, 0.00000, 0.99472)
08/31/2026 14:14:39: Starting to grow plant with rotation: (0.00000, 0.99367, 0.00000, -0.11237)
08/31/2026 14:14:39: Starting to grow plant with rotation: (0.00000, 0.98879, 0.00000, -0.14930)
08/31/2026 14:14:44: Starting to grow plant with rotation: (0.00000, 0.78772, 0.00000, -0.61603)
08/31/2026 14:15:04: Stopped music home at 1208927
08/31/2026 14:15:04: Starting music plains
08/31/2026 14:15:04: Resumed music plains at 4458970
08/31/2026 14:15:08: Starting to grow plant with rotation: (0.00000, 0.46405, 0.00000, 0.88581)
08/31/2026 14:15:14: We eat a stack - starting with 6
08/31/2026 14:15:14: Stack is now 5
08/31/2026 14:15:15: We eat a stack - starting with 6
08/31/2026 14:15:15: Stack is now 5
08/31/2026 14:15:16: We eat a stack - starting with 6
08/31/2026 14:15:16: Stack is now 5
08/31/2026 14:15:23: Starting to grow plant with rotation: (0.00000, 0.57034, 0.00000, 0.82141)
08/31/2026 14:15:24: Starting to grow plant with rotation: (0.00000, 0.68309, 0.00000, -0.73034)
08/31/2026 14:15:28: Stopped music plains at 5493849
08/31/2026 14:15:28: Starting music home
08/31/2026 14:15:28: Resumed music home at 1208927
08/31/2026 14:15:34: Stopped music home at 1483640
08/31/2026 14:15:34: Starting music plains
08/31/2026 14:15:34: Resumed music plains at 5493849
08/31/2026 14:15:46: Player 1217963679 wants to open piece_chest_blackmetal(Clone)   im: 1217963679
08/31/2026 14:15:46: Setting selected recipe 0
08/31/2026 14:16:00: Setting selected recipe 0
08/31/2026 14:16:02: Setting selected recipe 0
08/31/2026 14:16:02: Starting to grow plant with rotation: (0.00000, 0.98438, 0.00000, -0.17604)
08/31/2026 14:16:10: Activating default element Continue
08/31/2026 14:16:12: Available space to current user: 16978563072. Saving is blocked if below: 52520398 bytes. Warnings are given if below: 105040796
08/31/2026 14:16:12: Game - OnApplicationQuit
08/31/2026 14:16:12: Available space to current user: 16978563072. Saving is blocked if below: 52520398 bytes. Warnings are given if below: 105040796
08/31/2026 14:16:12: Shutting down
08/31/2026 14:16:12: Minimap: compressed mapData 8397011 => 30775 bytes
08/31/2026 14:16:12: Cloud Save: 55037 bytes. /characters/huggy.fch.new
Steam writing file chunks 1 / 1, (55037 bytes)
Steam writing file chunks 1 / 1, (56658 bytes)
Steam writing file chunks 1 / 1, (55037 bytes)
08/31/2026 14:16:13: Considering autobackup. World time: 545.2198, short time: 7200, long time: 43200, backup count: 4
08/31/2026 14:16:13: Skipping backup. World session not long enough.
08/31/2026 14:16:13: ZNet Shutdown
08/31/2026 14:16:13: PrepareSave: clone done in 122ms
08/31/2026 14:16:13: PrepareSave: ZDOExtraData.PrepareSave done in 154 ms
08/31/2026 14:16:13: World save writing starting
08/31/2026 14:16:13: World save writing started
08/31/2026 14:16:15: Saved 579503 ZDOs
08/31/2026 14:16:15: World save writing finishing
08/31/2026 14:16:15: Cloud Save: 26524857 bytes. /worlds/Drengene.db
Steam writing file chunks 1 / 1, (26524857 bytes)
08/31/2026 14:16:15: World save writing finished
08/31/2026 14:16:15: Cloud Save: 49 bytes. /worlds/Drengene.fwl
Steam writing file chunks 1 / 1, (49 bytes)
08/31/2026 14:16:15: World saved ( 2168.128ms )
08/31/2026 14:16:15: Considering autobackup. World time: 545.2198, short time: 7200, long time: 43200, backup count: 4
08/31/2026 14:16:15: Skipping backup. World session not long enough.
08/31/2026 14:16:16: Unloading unused assets
Unloading 3 Unused Serialized files (Serialized files now loaded: 22)
08/31/2026 14:16:16: Sending disconnect msg
ZPlayFabMatchmaking::UnregisterServer - unregistering server now. State: Uninitialized
08/31/2026 14:16:16: Stopping build thread
Unloading 1981 unused Assets to reduce memory usage. Loaded Objects now: 341333.
Total: 392.229616 ms (FindLiveObjects: 23.704630 ms CreateObjectMapping: 33.066494 ms MarkObjects: 332.530914 ms  DeleteObjects: 2.926758 ms)

08/31/2026 14:16:19: Local player destroyed
08/31/2026 14:16:19: Steam manager on destroy
08/31/2026 14:16:19: ZNet OnDestroy
08/31/2026 14:16:19: Net scene destroyed
[Physics::Module] Cleanup current backned.
[Physics::Module] Id: 0xf2b8ea05
Input System module state changed to: ShutdownInProgress.
Input System polling thread exited.
Input System module state changed to: Shutdown.
Vulkan PSO: data extracted [new size=6522437, old size=2928623, incomplete=0]
Vulkan PSO: Saved size[6522437] path[/tmp/IronGate/Valheim/vulkan_pso_cache.bin] success=1 headerChanged=0 sizeChanged=1
