2026-09-04 11:29:08.788 [info] [main] Log level: Info
2026-09-04 11:29:08.788 [info] [main] Validating found git in: "git"
2026-09-04 11:29:08.789 [info] [main] Using git "2.55.0" from "git"
2026-09-04 11:29:08.789 [info] [Model][doInitialScan] Initial repository scan started
2026-09-04 11:29:08.789 [info] > git rev-parse --show-toplevel [43ms]
2026-09-04 11:29:08.789 [info] fatal: not a git repository (or any parent up to mount point /)
Stopping at filesystem boundary (GIT_DISCOVERY_ACROSS_FILESYSTEM not set).
2026-09-04 11:29:08.789 [info] > git rev-parse --show-toplevel [4ms]
2026-09-04 11:29:08.789 [info] fatal: not a git repository (or any parent up to mount point /)
Stopping at filesystem boundary (GIT_DISCOVERY_ACROSS_FILESYSTEM not set).
2026-09-04 11:29:08.794 [info] > git rev-parse --show-toplevel [1ms]
2026-09-04 11:29:08.794 [info] fatal: not a git repository (or any parent up to mount point /)
Stopping at filesystem boundary (GIT_DISCOVERY_ACROSS_FILESYSTEM not set).
2026-09-04 11:29:08.800 [info] > git rev-parse --show-toplevel [2ms]
2026-09-04 11:29:08.800 [info] fatal: not a git repository (or any parent up to mount point /)
Stopping at filesystem boundary (GIT_DISCOVERY_ACROSS_FILESYSTEM not set).
2026-09-04 11:29:08.806 [info] > git rev-parse --show-toplevel [2ms]
2026-09-04 11:29:08.806 [info] fatal: not a git repository (or any parent up to mount point /)
Stopping at filesystem boundary (GIT_DISCOVERY_ACROSS_FILESYSTEM not set).
2026-09-04 11:29:08.811 [info] > git rev-parse --show-toplevel [1ms]
2026-09-04 11:29:08.811 [info] fatal: not a git repository (or any parent up to mount point /)
Stopping at filesystem boundary (GIT_DISCOVERY_ACROSS_FILESYSTEM not set).
2026-09-04 11:29:08.818 [info] > git rev-parse --show-toplevel [2ms]
2026-09-04 11:29:08.818 [info] fatal: not a git repository (or any parent up to mount point /)
Stopping at filesystem boundary (GIT_DISCOVERY_ACROSS_FILESYSTEM not set).
2026-09-04 11:29:08.829 [info] > git rev-parse --show-toplevel [4ms]
2026-09-04 11:29:08.830 [info] fatal: not a git repository (or any parent up to mount point /)
Stopping at filesystem boundary (GIT_DISCOVERY_ACROSS_FILESYSTEM not set).
2026-09-04 11:29:08.830 [info] [Model][doInitialScan] Initial repository scan completed - repositories (0), closed repositories (0), parent repositories (0), unsafe repositories (0)
2026-09-04 11:29:58.623 [info] > git rev-parse --show-toplevel [4ms]
2026-09-04 11:29:58.623 [info] fatal: not a git repository (or any parent up to mount point /)
Stopping at filesystem boundary (GIT_DISCOVERY_ACROSS_FILESYSTEM not set).
2026-09-04 11:30:07.213 [info] > git rev-parse --show-toplevel [1ms]
2026-09-04 11:30:07.213 [info] fatal: not a git repository (or any parent up to mount point /)
Stopping at filesystem boundary (GIT_DISCOVERY_ACROSS_FILESYSTEM not set).
2026-09-04 11:30:34.030 [info] > git rev-parse --show-toplevel [3ms]
2026-09-04 11:30:34.030 [info] fatal: not a git repository (or any parent up to mount point /)
Stopping at filesystem boundary (GIT_DISCOVERY_ACROSS_FILESYSTEM not set).
2026-09-04 11:33:10.389 [info] > git rev-parse --show-toplevel [3ms]
2026-09-04 11:33:10.389 [info] fatal: not a git repository (or any parent up to mount point /)
Stopping at filesystem boundary (GIT_DISCOVERY_ACROSS_FILESYSTEM not set).
2026-09-04 11:33:43.954 [info] > git rev-parse --show-toplevel [2ms]
2026-09-04 11:33:43.954 [info] fatal: not a git repository (or any parent up to mount point /)
Stopping at filesystem boundary (GIT_DISCOVERY_ACROSS_FILESYSTEM not set).
2026-09-04 11:34:21.660 [info] > git rev-parse --show-toplevel [2ms]
2026-09-04 11:34:21.660 [info] fatal: not a git repository (or any parent up to mount point /)
Stopping at filesystem boundary (GIT_DISCOVERY_ACROSS_FILESYSTEM not set).
2026-09-04 11:35:40.863 [info] > git rev-parse --show-toplevel [2ms]
2026-09-04 11:35:40.863 [info] fatal: not a git repository (or any parent up to mount point /)
Stopping at filesystem boundary (GIT_DISCOVERY_ACROSS_FILESYSTEM not set).
2026-09-04 11:35:45.516 [info] > git rev-parse --show-toplevel [2ms]
2026-09-04 11:35:45.516 [info] fatal: not a git repository (or any parent up to mount point /)
Stopping at filesystem boundary (GIT_DISCOVERY_ACROSS_FILESYSTEM not set).
