[Message:   BepInEx] BepInEx 5.4.23.3 - valheim (08/12/2026 14:04:55)
[Message:   BepInEx] User is running BepInExPack Valheim version 5.4.2333 from Thunderstore
[Info   :   BepInEx] Running under Unity vUnknown (post-2017)
[Info   :   BepInEx] CLR runtime version: 4.0.30319.42000
[Info   :   BepInEx] Supports SRE: True
[Info   :   BepInEx] System platform: Bits64, Linux
[Message:   BepInEx] Preloader started
[Info   :   BepInEx] Loaded 1 patcher method from [BepInEx.Preloader 5.4.23.3]
[Info   :   BepInEx] 1 patcher plugin loaded
[Info   :   BepInEx] Patching [UnityEngine.CoreModule] with [BepInEx.Chainloader]
[Message:   BepInEx] Preloader finished
[Info   :   BepInEx] Detected Unity version: v6000.0.61f1
[Message:   BepInEx] Chainloader ready
[Message:   BepInEx] Chainloader started
[Info   :   BepInEx] 3 plugins to load
[Info   :   BepInEx] Loading [AzuCraftyBoxes 1.8.15]
[Info   :   BepInEx] Loading [BuildCameraCHE 1.2.10]
[Info   :   BepInEx] Loading [Quick Stack - Store - Sort - Trash - Restock 1.4.13]
[Message:   BepInEx] Chainloader startup complete
[Info   : Unity Log] 08/31/2026 14:05:20: Using environment steamid 892970

[Info   : Unity Log] 08/31/2026 14:05:20: Using steam APPID:892970

[Info   : Unity Log] 08/31/2026 14:05:20: Authentication:k_ESteamNetworkingAvailability_Attempting

[Info   : Unity Log] 08/31/2026 14:05:20: Platform doesn't implement Process Lifetime Management! Don't initialize suspend manager.

[Info   : Unity Log] 08/31/2026 14:05:20: Initialized platform!

[Info   : Unity Log] 08/31/2026 14:05:20: Platform doesn't implement matchmaking! Don't initialize matchmaking manager.

[Info   : Unity Log] 08/31/2026 14:05:20: All files in local storage save data:
/home/thomas/.config/unity3d/IronGate/Valheim/Player-prev.log (28919)
/home/thomas/.config/unity3d/IronGate/Valheim/Player.log (23805)
/home/thomas/.config/unity3d/IronGate/Valheim/prefs (979)

[Info   : Unity Log] 08/31/2026 14:05:20: All files in platform save data:
characters/huggy.fch (56658)
characters/huggy.fch.old (56673)
serverlist/recent (118)
serverlist/recent.old (118)
worlds/Drengene.db (26203541)
worlds/Drengene.fwl (49)
worlds/Drengene_backup_auto-20260406204228.db (4223637)
worlds/Drengene_backup_auto-20260406204228.fwl (49)
worlds/Drengene_backup_auto-20260406224245.db (4334931)
worlds/Drengene_backup_auto-20260406224245.fwl (49)
worlds/Drengene_backup_auto-20260411191513.db (4631291)
worlds/Drengene_backup_auto-20260411191513.fwl (49)
worlds/Drengene_backup_auto-20260411212743.db (6691952)
worlds/Drengene_backup_auto-20260411212743.fwl (49)
characters/huggy_backup_auto-20260816202742.fch (51224)
characters/huggy_backup_auto-20260816232549.fch (53291)
characters/huggy_backup_auto-20260823195624.fch (56356)
characters/huggy_backup_auto-20260823220409.fch (56036)

[Info   : Unity Log] 08/31/2026 14:05:20: Initializing preferences provider...

[Info   : Unity Log] 08/31/2026 14:05:20: No preference provider available for this platform!

[Info   : Unity Log] 08/31/2026 14:05:20: Set background loading budget to Low

[Info   : Unity Log] 08/31/2026 14:05:21: Loading first scene!

[Info   : Unity Log] 08/31/2026 14:05:21: Preferences initialized! Activating first scene!

[Info   :AzuCraftyBoxes] Configuration reload complete.
[Info   : Unity Log] 08/31/2026 14:05:21: 

[Info   : Unity Log] 08/31/2026 14:05:21: Starting to load scene:start.unity (169d7618616154c03be07e9ad3af5893)

[Info   : Unity Log] 08/31/2026 14:05:21: Set background loading budget to Normal

[Info   : Unity Log] 08/31/2026 14:05:22: Loaded localization file #0 - 'localization' language: 'English'

[Info   : Unity Log] 08/31/2026 14:05:22: Loaded localization file #1 - 'localization_extra' language: 'English'

[Info   : Unity Log] 08/31/2026 14:05:22: Loaded localization file #2 - 'heightmap_message' language: 'English'

[Info   : Unity Log] 08/31/2026 14:05:22: Loaded localization file #3 - 'localization_witch' language: 'English'

[Info   : Unity Log] 08/31/2026 14:05:22: Loaded localization file #4 - 'localization_ashlands' language: 'English'

[Info   : Unity Log] 08/31/2026 14:05:22: Loaded localization file #5 - 'localization_captions' language: 'English'

[Info   : Unity Log] 08/31/2026 14:05:22: Loaded localization file #6 - 'localization_combatupdate' language: 'English'

[Info   : Unity Log] 08/31/2026 14:05:22: Loaded localization file #7 - 'localization_celebrationupdate' language: 'English'

[Info   : Unity Log] 08/31/2026 14:05:22: Language has not been set explicitly yet

[Info   : Unity Log] 08/31/2026 14:05:22: Setting language from locale

[Info   : Unity Log] 08/31/2026 14:05:22: User had no locale, don't set language

[Info   : Unity Log] 08/31/2026 14:05:26: Set background loading budget to High

[Info   : Unity Log] 08/31/2026 14:05:26: GPU Device: 10DE:13B1 (NVIDIA)

[Info   : Unity Log] 08/31/2026 14:05:32: Set background loading budget to Low

[Warning: Unity Log] Only custom filters can be played. Please add a custom filter or an audioclip to the audiosource (Amb_MainMenu).
[Warning: Unity Log] 08/31/2026 14:05:33: Missing audio clip in music respawn

[Info   : Unity Log] 08/31/2026 14:05:33: Steam initialized, persona:Bjørn Brækjern

[Info   : Unity Log] 08/31/2026 14:05:33: Valheim version: l-0.221.12 (network version 36)

[Info   : Unity Log] 08/31/2026 14:05:33: Worldgenerator version setup:2

[Info   : Unity Log] 08/31/2026 14:05:33: Render threading mode:MultiThreaded

[Info   : Unity Log] 08/31/2026 14:05:33: Checking for installed DLCs

[Info   : Unity Log] 08/31/2026 14:05:33: DLC:beta installed:False

[Info   : Unity Log] 08/31/2026 14:05:33: Sending PlayFab login request (attempt 1)

[Info   : Unity Log] 08/31/2026 14:05:33: Starting music menu

[Info   : Unity Log] 08/31/2026 14:05:34: Session auth respons callback

[Info   : Unity Log] 08/31/2026 14:05:35: Logged in PlayFab user via Steam auth session ticket

[Info   : Unity Log] 08/31/2026 14:05:35: PlayFab local entity ID is CF15CABBB28275DC

[Info   : Unity Log] 08/31/2026 14:05:35: Released session ticket

[Info   : Unity Log] 08/31/2026 14:06:06: Graphics mode changed: Standard

[Info   : Unity Log] 08/31/2026 14:06:06: 

[Info   : Unity Log] 08/31/2026 14:06:07: Graphics mode changed: Standard

[Info   : Unity Log] 08/31/2026 14:06:07: 

[Info   : Unity Log] 08/31/2026 14:06:07: Graphics mode changed: Standard

[Info   : Unity Log] 08/31/2026 14:06:07: 

[Info   : Unity Log] 08/31/2026 14:06:12: Activating default element MouseSensitivity

[Info   : Unity Log] 08/31/2026 14:06:13: Activating default element MouseSensitivity

[Info   : Unity Log] 08/31/2026 14:06:13: Activating default element Left

[Info   : Unity Log] 08/31/2026 14:06:13: Activating default element Left

[Info   : Unity Log] 08/31/2026 14:06:13: Activating default element Resolution

[Info   : Unity Log] 08/31/2026 14:06:18: Loaded localization file #0 - 'localization' language: 'English'

[Info   : Unity Log] 08/31/2026 14:06:18: Loaded localization file #1 - 'localization_extra' language: 'English'

[Info   : Unity Log] 08/31/2026 14:06:18: Loaded localization file #2 - 'heightmap_message' language: 'English'

[Info   : Unity Log] 08/31/2026 14:06:18: Loaded localization file #3 - 'localization_witch' language: 'English'

[Info   : Unity Log] 08/31/2026 14:06:18: Loaded localization file #4 - 'localization_ashlands' language: 'English'

[Info   : Unity Log] 08/31/2026 14:06:18: Loaded localization file #5 - 'localization_captions' language: 'English'

[Info   : Unity Log] 08/31/2026 14:06:18: Loaded localization file #6 - 'localization_combatupdate' language: 'English'

[Info   : Unity Log] 08/31/2026 14:06:18: Loaded localization file #7 - 'localization_celebrationupdate' language: 'English'

[Info   : Unity Log] 08/31/2026 14:06:18: 

[Info   : Unity Log] 1040 x 1006 @ 60Hz
[Warning: Unity Log] Parent of RectTransform is being set with parent property. Consider using the SetParent method instead, with the worldPositionStays argument set to false. This will retain local orientation and scale rather than world orientation and scale, which can prevent common UI scaling issues.
[Info   : Unity Log] 08/31/2026 14:06:18: Graphics mode changed: Standard

[Info   : Unity Log] 08/31/2026 14:06:18: 

[Info   : Unity Log] 08/31/2026 14:06:19: Activating default element Resolution

[Info   : Unity Log] 08/31/2026 14:06:25: show character selection

[Info   : Unity Log] 08/31/2026 14:06:27: OnCharacterStart

[Info   : Unity Log] 08/31/2026 14:06:32: Loading main scene

[Info   : Unity Log] 08/31/2026 14:06:32: Audioman already exist, destroying self

[Info   : Unity Log] 08/31/2026 14:06:32: Steam initialized, persona:Bjørn Brækjern

[Info   : Unity Log] 08/31/2026 14:06:32: Loading player profile huggy

[Info   : Unity Log] 08/31/2026 14:06:32: isModded: True

[Info   : Unity Log] 08/31/2026 14:06:32: Zonesystem Awake 3068

[Info   : Unity Log] 08/31/2026 14:06:32: DungeonDB Awake 3068

[Info   : Unity Log] 08/31/2026 14:06:32: Steam initialized, persona:Bjørn Brækjern

[Info   : Unity Log] 08/31/2026 14:06:32: Worldgenerator version setup:2

[Info   : Unity Log] Registered 'Azumatt.AzuCraftyBoxes ConfigSync' RPC - waiting for incoming connections
[Info   : Unity Log] Registered 'Azumatt.BuildCameraCHE ConfigSync' RPC - waiting for incoming connections
[Info   : Unity Log] Registered 'goldenrevolver.quick_stack_store ConfigSync' RPC - waiting for incoming connections
[Info   : Unity Log] 08/31/2026 14:06:36: Checking for installed DLCs

[Info   : Unity Log] 08/31/2026 14:06:36: DLC:beta installed:False

[Info   : Unity Log] 08/31/2026 14:06:36: Zonesystem Start 3068

[Info   : Unity Log] 08/31/2026 14:06:36: Added 3 locations, 0 vegetations, 0 environments, 0 biome env-setups, 0 clutter  from main

[Info   : Unity Log] 08/31/2026 14:06:36: Added 1 locations, 0 vegetations, 2 environments, 0 biome env-setups, 0 clutter  from main

[Info   : Unity Log] 08/31/2026 14:06:36: Added 27 locations, 25 vegetations, 5 environments, 1 biome env-setups, 3 clutter  from main

[Info   : Unity Log] 08/31/2026 14:06:36: Added 4 locations, 0 vegetations, 1 environments, 0 biome env-setups, 0 clutter  from main

[Info   : Unity Log] 08/31/2026 14:06:36: Added 25 locations, 33 vegetations, 8 environments, 2 biome env-setups, 2 clutter  from main

[Info   : Unity Log] 08/31/2026 14:06:36: DungeonDB Start 3068

[Info   : Unity Log] 08/31/2026 14:06:36: ZRpc timeout set to 30s 

[Info   : Unity Log] 08/31/2026 14:06:36: ZNET START

[Info   : Unity Log] 08/31/2026 14:06:36: Load world: Drengene (Drengene)

[Info   : Unity Log] 08/31/2026 14:06:36: Loading 572172 zdos, my sessionID: 1217963679, data version: 37

[Info   : Unity Log] 08/31/2026 14:06:36: Loading in ZDOs

[Info   : Unity Log] 08/31/2026 14:06:38: Adding to Dictionary

[Info   : Unity Log] 08/31/2026 14:06:38: Adding to Sectors

[Info   : Unity Log] 08/31/2026 14:06:38: Connecting Portals, Spawners & ZSyncTransforms

[Info   : Unity Log] ConnectPortals => Connected 7 portals.
[Info   : Unity Log] ConnectSpawners => Connected 537 spawners and 716 'done' spawners.
[Info   : Unity Log] 08/31/2026 14:06:38: Loaded 11424 locations

[Info   : Unity Log] 08/31/2026 14:06:38: Unloading unused assets

[Info   : Unity Log] 08/31/2026 14:06:39: Starting respawn

[Info   : Unity Log] 08/31/2026 14:06:50: Generating new world minimap done [11366ms]

[Info   : Unity Log] 08/31/2026 14:06:51: Minimap: unpacking compressed mapData 30771 => 8396969 bytes

[Info   : Unity Log] 08/31/2026 14:06:51: tip:$loadscreen_tip18

[Info   : Unity Log] 08/31/2026 14:06:52: Placed locations in zone 17,-41  duration 7.295 ms

[Info   : Unity Log] 08/31/2026 14:07:00: Spawned after 8.019993

[Warning: Unity Log] 08/31/2026 14:07:00: Character ID for player ([Huggy, 0:0], [Bjørn Brækjern, 0:0], Bjørn Brækjern) was 0:0. Skipping.

[Info   : Unity Log] 08/31/2026 14:07:00: Skipping unloading unused assets

[Info   : Unity Log] 08/31/2026 14:07:00: Minimap: Adding unique location (62.13, 79.47, -5.90)

[Info   : Unity Log] 08/31/2026 14:07:00: Minimap: Adding unique location (766.45, 72.18, 1355.72)

[Info   : Unity Log] 08/31/2026 14:07:00: Minimap: Adding unique location (-4098.63, 49.61, 710.56)

[Info   : Unity Log] 08/31/2026 14:07:00: Minimap: Adding unique location (-3904.66, 31.06, 770.88)

[Info   : Unity Log] 08/31/2026 14:07:01: Placed locations in zone 17,-37  duration 3.074 ms

[Info   : Unity Log] 08/31/2026 14:07:01: Placed locations in zone 16,-37  duration 15.392 ms

[Info   : Unity Log] 08/31/2026 14:07:01: Loading dungeon

[Info   : Unity Log] 08/31/2026 14:07:01: Dungeon loaded with 0 rooms from old format in 0.698 ms.

[Info   : Unity Log] 08/31/2026 14:07:01: Generating DG_MeadowsVillage(Clone), Seed: 1052693330, Bounds diff: (-32.00, -32.00, -32.00) / (32.00, 32.00, 32.00)

[Info   : Unity Log] 08/31/2026 14:07:01: Available rooms:10

[Info   : Unity Log] 08/31/2026 14:07:01: To place:30

[Info   : Unity Log] 08/31/2026 14:07:01: Placed 3 rooms

[Info   : Unity Log] 08/31/2026 14:07:01: Placed locations in zone 19,-41  duration 207.778 ms

[Info   : Unity Log] 08/31/2026 14:07:01: Placed locations in zone 19,-35  duration 3.28 ms

[Info   : Unity Log] 08/31/2026 14:07:01: Placed locations in zone 20,-35  duration 1.02 ms

[Info   : Unity Log] 08/31/2026 14:07:02: Placed locations in zone 16,-36  duration 14.984 ms

[Info   : Unity Log] 08/31/2026 14:07:02: Spawned Deer x 1

[Info   : Unity Log] 08/31/2026 14:07:02: Spawned Deer x 2

[Info   : Unity Log] 08/31/2026 14:07:02: Spawned Boar x 3

[Info   : Unity Log] 08/31/2026 14:07:02: Spawned Neck x 2

[Info   : Unity Log] 08/31/2026 14:07:02: Spawned Neck x 2

[Info   : Unity Log] 08/31/2026 14:07:02: Spawned Neck x 4

[Info   : Unity Log] 08/31/2026 14:07:02: Spawned Seagal x 1

[Info   : Unity Log] 08/31/2026 14:07:02: Spawned Seagal x 1

[Info   : Unity Log] 08/31/2026 14:07:02: Spawned Fish1 x 2

[Info   : Unity Log] 08/31/2026 14:07:02: Placed locations in zone 15,-42  duration 41.816 ms

[Info   : Unity Log] 08/31/2026 14:07:04: Placed locations in zone 14,-42  duration 47.55 ms

[Info   : Unity Log] 08/31/2026 14:07:04: Placed locations in zone 15,-37  duration 1.23 ms

[Info   : Unity Log] 08/31/2026 14:07:04: Placed locations in zone 13,-42  duration 0.225 ms

[Info   : Unity Log] 08/31/2026 14:07:04: Placed locations in zone 14,-40  duration 0.224 ms

[Info   : Unity Log] 08/31/2026 14:07:04: Placed locations in zone 14,-41  duration 0.36 ms

[Info   : Unity Log] 08/31/2026 14:07:04: Placed locations in zone 14,-39  duration 0.737 ms

[Info   : Unity Log] 08/31/2026 14:07:05: Starting music meadows

[Info   : Unity Log] 08/31/2026 14:07:05: Resumed music meadows at 0

[Info   : Unity Log] 08/31/2026 14:07:05: Placed locations in zone 13,-39  duration 6.588 ms

[Info   : Unity Log] 08/31/2026 14:07:06: Placed locations in zone 14,-38  duration 13.104 ms

[Info   : Unity Log] 08/31/2026 14:07:06: Placed locations in zone 13,-36  duration 0.201 ms

[Info   : Unity Log] 08/31/2026 14:07:07: Placed locations in zone 15,-36  duration 18.407 ms

[Info   : Unity Log] 08/31/2026 14:07:08: Placed locations in zone 21,-36  duration 38.455 ms

[Info   : Unity Log] 08/31/2026 14:07:08: Placed locations in zone 14,-35  duration 4.045 ms

[Info   : Unity Log] 08/31/2026 14:07:56: Loading dungeon

[Info   : Unity Log] 08/31/2026 14:07:56: Dungeon loaded with 0 rooms from old format in 0.105 ms.

[Info   : Unity Log] 08/31/2026 14:07:56: Generating DG_Cave(Clone), Seed: 1100727398, Bounds diff: (-32.00, -238.00, -2.00) / (32.00, 18.00, 62.00)

[Info   : Unity Log] 08/31/2026 14:07:56: Available rooms:94

[Info   : Unity Log] 08/31/2026 14:07:56: To place:64

[Info   : Unity Log] 08/31/2026 14:07:56: Connections 4

[Info   : Unity Log] 08/31/2026 14:07:56: placed 1 doors

[Info   : Unity Log] 08/31/2026 14:07:56: Placed 44 rooms

[Info   : Unity Log] 08/31/2026 14:07:56: Placed locations in zone 16,-42  duration 166.066 ms

[Info   : Unity Log] 08/31/2026 14:07:56: Loading dungeon

[Info   : Unity Log] 08/31/2026 14:07:56: Dungeon loaded with 0 rooms from old format in 0.097 ms.

[Info   : Unity Log] 08/31/2026 14:07:56: Generating DG_Cave(Clone), Seed: 1101449205, Bounds diff: (-32.00, -238.00, -2.00) / (32.00, 18.00, 62.00)

[Info   : Unity Log] 08/31/2026 14:07:56: Available rooms:94

[Info   : Unity Log] 08/31/2026 14:07:56: To place:64

[Info   : Unity Log] 08/31/2026 14:07:56: Connections 4

[Info   : Unity Log] 08/31/2026 14:07:57: All required rooms have been placed, stopping generation

[Info   : Unity Log] 08/31/2026 14:07:57: placed 4 doors

[Info   : Unity Log] 08/31/2026 14:07:57: Placed 38 rooms

[Info   : Unity Log] 08/31/2026 14:07:57: Placed locations in zone 13,-40  duration 141.487 ms

[Info   : Unity Log] 08/31/2026 14:07:59: Spawned Fish1 x 2

[Info   : Unity Log] 08/31/2026 14:07:59: Spawned Fish1 x 1

[Info   : Unity Log] 08/31/2026 14:08:00: Spawned Seagal x 2

[Info   : Unity Log] 08/31/2026 14:08:00: Spawned Fish2 x 4

[Info   : Unity Log] 08/31/2026 14:08:02: Loading dungeon

[Info   : Unity Log] 08/31/2026 14:08:02: Dungeon loaded with 44 rooms in 0.905 ms.

[Info   : Unity Log] 08/31/2026 14:08:02: Loading room prefabs asynchronously

[Info   : Unity Log] 08/31/2026 14:08:02: Spawning dungeon

[Info   : Unity Log] 08/31/2026 14:08:27: Spawned Deer x 1

[Info   : Unity Log] 08/31/2026 14:08:27: Spawned Boar x 1

[Info   : Unity Log] 08/31/2026 14:08:27: Spawned Seagal x 1

[Info   : Unity Log] 08/31/2026 14:08:27: Spawned Greyling x 1

[Info   : Unity Log] 08/31/2026 14:08:33: Activating default element Continue

[Info   : Unity Log] 08/31/2026 14:08:38: Activating default element GuiScaling

[Info   : Unity Log] 08/31/2026 14:08:44: 

[Info   : Unity Log] 08/31/2026 14:08:44: Activating default element GuiScaling

[Info   : Unity Log] 08/31/2026 14:08:44: Activating default element Continue

[Info   : Unity Log] 08/31/2026 14:08:58: Valid True

[Info   : Unity Log] 08/31/2026 14:08:58: On death False

[Info   : Unity Log] 08/31/2026 14:09:02: Spawned Boar x 3

[Info   : Unity Log] 08/31/2026 14:09:02: Spawned Boar x 1

[Info   : Unity Log] 08/31/2026 14:09:02: Spawned Neck x 4

[Info   : Unity Log] 08/31/2026 14:09:02: Spawned Neck x 2

[Info   : Unity Log] 08/31/2026 14:09:02: Spawned Seagal x 1

[Info   : Unity Log] 08/31/2026 14:09:02: Spawned Seagal x 1

[Info   : Unity Log] 08/31/2026 14:09:02: Spawned Fish1 x 3

[Info   : Unity Log] 08/31/2026 14:09:02: Spawned Greyling x 1

[Info   : Unity Log] 08/31/2026 14:09:04: Spawned Fish2 x 2

[Info   : Unity Log] 08/31/2026 14:09:04: Spawned Deathsquito x 1

[Info   : Unity Log] 08/31/2026 14:09:04: Spawned Deathsquito x 1

[Info   : Unity Log] 08/31/2026 14:09:04: Placed locations in zone 23,-38  duration 0.829 ms

[Info   : Unity Log] 08/31/2026 14:09:07: Valid True

[Info   : Unity Log] 08/31/2026 14:09:07: On death False

[Info   : Unity Log] 08/31/2026 14:09:21: Valid True

[Info   : Unity Log] 08/31/2026 14:09:21: On death False

[Info   : Unity Log] 08/31/2026 14:09:26: Spawned Seagal x 2

[Info   : Unity Log] 08/31/2026 14:09:26: Spawned Fish2 x 2

[Info   : Unity Log] 08/31/2026 14:09:26: Spawned Fish7 x 6

[Info   : Unity Log] 08/31/2026 14:09:26: Spawned Goblin x 2

[Info   : Unity Log] 08/31/2026 14:09:27: Stopped music meadows at 6280780

[Info   : Unity Log] 08/31/2026 14:09:27: Starting music plains

[Info   : Unity Log] 08/31/2026 14:09:27: Resumed music plains at 0

[Info   : Unity Log] 08/31/2026 14:09:43: Valid True

[Info   : Unity Log] 08/31/2026 14:09:43: On death False

[Info   : Unity Log] 08/31/2026 14:09:46: Spawned Seagal x 1

[Info   : Unity Log] 08/31/2026 14:09:46: Spawned Fish1 x 1

[Info   : Unity Log] 08/31/2026 14:09:46: Spawned Fish1 x 1

[Info   : Unity Log] 08/31/2026 14:09:46: Spawned Fish7 x 1

[Info   : Unity Log] 08/31/2026 14:09:46: Spawned Deathsquito x 1

[Info   : Unity Log] 08/31/2026 14:10:01: Spawned Fish1 x 2

[Info   : Unity Log] 08/31/2026 14:10:01: Spawned Fish2 x 2

[Info   : Unity Log] 08/31/2026 14:10:25: Spawned Seagal x 1

[Info   : Unity Log] 08/31/2026 14:10:59: Spawned Goblin x 1

[Info   : Unity Log] 08/31/2026 14:11:00: Spawned Goblin x 1

[Info   : Unity Log] 08/31/2026 14:11:00: Spawned Deathsquito x 2

[Info   : Unity Log] 08/31/2026 14:11:01: Loading dungeon

[Info   : Unity Log] 08/31/2026 14:11:01: Dungeon loaded with 31 rooms in 0.101 ms.

[Info   : Unity Log] 08/31/2026 14:11:01: Loading room prefabs asynchronously

[Info   : Unity Log] 08/31/2026 14:11:04: Spawning dungeon

[Info   : Unity Log] 08/31/2026 14:11:46: Spawned Seagal x 2

[Info   : Unity Log] 08/31/2026 14:11:46: Spawned Goblin x 1

[Info   : Unity Log] 08/31/2026 14:11:46: Setting saddle:False

[Info   : Unity Log] 08/31/2026 14:11:46: Setting saddle:False

[Info   : Unity Log] 08/31/2026 14:11:46: Setting saddle:False

[Info   : Unity Log] 08/31/2026 14:12:10: Spawned Goblin x 1

[Warning: Unity Log] Internal: JobTempAlloc has allocations that are more than the maximum lifespan of 4 frames old - this is not allowed and likely a leak
[Warning: Unity Log] To Debug, run app with -diag-job-temp-memory-leak-validation cmd line argument. This will output the callstacks of the leaked allocations.
[Info   : Unity Log] 08/31/2026 14:12:13: Setting saddle:False

[Info   : Unity Log] 08/31/2026 14:12:13: Setting saddle:False

[Info   : Unity Log] 08/31/2026 14:12:35: Update PlayFab entity token

[Info   : Unity Log] 08/31/2026 14:12:58: Spawned Deathsquito x 1

[Info   : Unity Log] 08/31/2026 14:12:59: Loading dungeon

[Info   : Unity Log] 08/31/2026 14:12:59: Dungeon loaded with 24 rooms in 0.101 ms.

[Info   : Unity Log] 08/31/2026 14:12:59: Loading room prefabs asynchronously

[Info   : Unity Log] 08/31/2026 14:13:00: Spawning dungeon

[Info   : Unity Log] 08/31/2026 14:13:00: Setting saddle:False

[Warning: Unity Log] Internal: JobTempAlloc has allocations that are more than the maximum lifespan of 4 frames old - this is not allowed and likely a leak
[Warning: Unity Log] To Debug, run app with -diag-job-temp-memory-leak-validation cmd line argument. This will output the callstacks of the leaked allocations.
[Info   : Unity Log] 08/31/2026 14:13:29: Setting saddle:False

[Info   : Unity Log] 08/31/2026 14:13:29: Setting saddle:False

[Warning: Unity Log] Internal: JobTempAlloc has allocations that are more than the maximum lifespan of 4 frames old - this is not allowed and likely a leak
[Warning: Unity Log] To Debug, run app with -diag-job-temp-memory-leak-validation cmd line argument. This will output the callstacks of the leaked allocations.
[Warning: Unity Log] Internal: deleting an allocation that is older than its permitted lifetime of 4 frames (age = 7)
[Warning: Unity Log] Internal: deleting an allocation that is older than its permitted lifetime of 4 frames (age = 7)
[Info   : Unity Log] 08/31/2026 14:14:01: Starting music evening

[Info   : Unity Log] 08/31/2026 14:14:02: Stopped music plains at 4299975

[Info   : Unity Log] 08/31/2026 14:14:12: Spawned Skeleton x 3

[Info   : Unity Log] 08/31/2026 14:14:12: Spawned Goblin x 2

[Info   : Unity Log] 08/31/2026 14:14:25: Starting respawn

[Warning: Unity Log] 08/31/2026 14:14:25: Local player destroyed

[Warning: Unity Log] Internal: deleting an allocation that is older than its permitted lifetime of 4 frames (age = 9)
[Warning: Unity Log] Internal: deleting an allocation that is older than its permitted lifetime of 4 frames (age = 9)
[Info   : Unity Log] 08/31/2026 14:14:25: tip:$loadscreen_tip17

[Info   : Unity Log] 08/31/2026 14:14:29: Force generating hmap (640.00, 0.00, -3776.00)

[Info   : Unity Log] 08/31/2026 14:14:29: Setting saddle:False

[Info   : Unity Log] 08/31/2026 14:14:29: Setting saddle:False

[Info   : Unity Log] 08/31/2026 14:14:29: Setting saddle:False

[Info   : Unity Log] 08/31/2026 14:14:33: Found bed at custom spawn point

[Info   : Unity Log] 08/31/2026 14:14:33: Skipping unloading unused assets

[Info   : Unity Log] 08/31/2026 14:14:33: Starting music plains

[Info   : Unity Log] 08/31/2026 14:14:33: Resumed music plains at 4299975

[Info   : Unity Log] 08/31/2026 14:14:37: Stopped music plains at 4458970

[Info   : Unity Log] 08/31/2026 14:14:37: Starting music home

[Info   : Unity Log] 08/31/2026 14:14:39: Starting to grow plant with rotation: (0.00000, 0.97416, 0.00000, 0.22584)

[Info   : Unity Log] 08/31/2026 14:14:39: Starting to grow plant with rotation: (0.00000, 0.80008, 0.00000, 0.59990)

[Info   : Unity Log] 08/31/2026 14:14:39: Starting to grow plant with rotation: (0.00000, 0.76398, 0.00000, -0.64524)

[Info   : Unity Log] 08/31/2026 14:14:39: Starting to grow plant with rotation: (0.00000, 0.62918, 0.00000, -0.77726)

[Info   : Unity Log] 08/31/2026 14:14:39: Starting to grow plant with rotation: (0.00000, 0.52282, 0.00000, -0.85244)

[Info   : Unity Log] 08/31/2026 14:14:39: Starting to grow plant with rotation: (0.00000, 0.68832, 0.00000, 0.72541)

[Info   : Unity Log] 08/31/2026 14:14:39: Starting to grow plant with rotation: (0.00000, 0.10265, 0.00000, 0.99472)

[Info   : Unity Log] 08/31/2026 14:14:39: Starting to grow plant with rotation: (0.00000, 0.99367, 0.00000, -0.11237)

[Info   : Unity Log] 08/31/2026 14:14:39: Starting to grow plant with rotation: (0.00000, 0.98879, 0.00000, -0.14930)

[Info   : Unity Log] 08/31/2026 14:14:44: Starting to grow plant with rotation: (0.00000, 0.78772, 0.00000, -0.61603)

[Info   : Unity Log] 08/31/2026 14:15:04: Stopped music home at 1208927

[Info   : Unity Log] 08/31/2026 14:15:04: Starting music plains

[Info   : Unity Log] 08/31/2026 14:15:04: Resumed music plains at 4458970

[Info   : Unity Log] 08/31/2026 14:15:08: Starting to grow plant with rotation: (0.00000, 0.46405, 0.00000, 0.88581)

[Info   : Unity Log] 08/31/2026 14:15:14: We eat a stack - starting with 6

[Info   : Unity Log] 08/31/2026 14:15:14: Stack is now 5

[Info   : Unity Log] 08/31/2026 14:15:15: We eat a stack - starting with 6

[Info   : Unity Log] 08/31/2026 14:15:15: Stack is now 5

[Info   : Unity Log] 08/31/2026 14:15:16: We eat a stack - starting with 6

[Info   : Unity Log] 08/31/2026 14:15:16: Stack is now 5

[Info   : Unity Log] 08/31/2026 14:15:23: Starting to grow plant with rotation: (0.00000, 0.57034, 0.00000, 0.82141)

[Info   : Unity Log] 08/31/2026 14:15:24: Starting to grow plant with rotation: (0.00000, 0.68309, 0.00000, -0.73034)

[Info   : Unity Log] 08/31/2026 14:15:28: Stopped music plains at 5493849

[Info   : Unity Log] 08/31/2026 14:15:28: Starting music home

[Info   : Unity Log] 08/31/2026 14:15:28: Resumed music home at 1208927

[Info   : Unity Log] 08/31/2026 14:15:34: Stopped music home at 1483640

[Info   : Unity Log] 08/31/2026 14:15:34: Starting music plains

[Info   : Unity Log] 08/31/2026 14:15:34: Resumed music plains at 5493849

[Info   : Unity Log] 08/31/2026 14:15:46: Player 1217963679 wants to open piece_chest_blackmetal(Clone)   im: 1217963679

[Info   : Unity Log] 08/31/2026 14:15:46: Setting selected recipe 0

[Info   : Unity Log] 08/31/2026 14:16:00: Setting selected recipe 0

[Info   : Unity Log] 08/31/2026 14:16:02: Setting selected recipe 0

[Info   : Unity Log] 08/31/2026 14:16:02: Starting to grow plant with rotation: (0.00000, 0.98438, 0.00000, -0.17604)

[Info   : Unity Log] 08/31/2026 14:16:10: Activating default element Continue

[Info   : Unity Log] 08/31/2026 14:16:12: Available space to current user: 16978563072. Saving is blocked if below: 52520398 bytes. Warnings are given if below: 105040796

[Info   : Unity Log] 08/31/2026 14:16:12: Game - OnApplicationQuit

[Info   : Unity Log] 08/31/2026 14:16:12: Available space to current user: 16978563072. Saving is blocked if below: 52520398 bytes. Warnings are given if below: 105040796

[Info   : Unity Log] 08/31/2026 14:16:12: Shutting down

[Info   : Unity Log] 08/31/2026 14:16:12: Minimap: compressed mapData 8397011 => 30775 bytes

[Info   : Unity Log] 08/31/2026 14:16:12: Cloud Save: 55037 bytes. /characters/huggy.fch.new

[Info   : Unity Log] Steam writing file chunks 1 / 1, (55037 bytes)
[Info   : Unity Log] Steam writing file chunks 1 / 1, (56658 bytes)
[Info   : Unity Log] Steam writing file chunks 1 / 1, (55037 bytes)
[Info   : Unity Log] 08/31/2026 14:16:13: Considering autobackup. World time: 545.2198, short time: 7200, long time: 43200, backup count: 4

[Info   : Unity Log] 08/31/2026 14:16:13: Skipping backup. World session not long enough.

[Info   : Unity Log] 08/31/2026 14:16:13: ZNet Shutdown

[Info   : Unity Log] 08/31/2026 14:16:13: PrepareSave: clone done in 122ms

[Info   : Unity Log] 08/31/2026 14:16:13: PrepareSave: ZDOExtraData.PrepareSave done in 154 ms

[Info   : Unity Log] 08/31/2026 14:16:16: Unloading unused assets

[Info   : Unity Log] 08/31/2026 14:16:16: Sending disconnect msg

[Info   : Unity Log] ZPlayFabMatchmaking::UnregisterServer - unregistering server now. State: Uninitialized
[Info   : Unity Log] 08/31/2026 14:16:16: Stopping build thread

